../Middlewares/tensorflow/tensorflow/lite/micro/micro_context.h:155:14:void* tflite::MicroContextAllocatePersistentBuffer(TfLiteContext*, size_t)	0	static
../Middlewares/tensorflow/tensorflow/lite/micro/micro_context.h:159:21:TfLiteStatus tflite::MicroContextRequestScratchBufferInArena(TfLiteContext*, size_t, int*)	0	static
../Middlewares/tensorflow/tensorflow/lite/micro/micro_context.h:164:14:void* tflite::MicroContextGetScratchBuffer(TfLiteContext*, int)	0	static
../Middlewares/tensorflow/tensorflow/lite/micro/micro_context.h:167:22:TfLiteTensor* tflite::MicroContextGetTensor(const TfLiteContext*, int)	0	static
../Middlewares/tensorflow/tensorflow/lite/micro/micro_context.h:171:26:TfLiteEvalTensor* tflite::MicroContextGetEvalTensor(const TfLiteContext*, int)	0	static
../Middlewares/tensorflow/tensorflow/lite/micro/micro_context.h:175:31:TfLiteExternalContext* tflite::MicroContextGetExternalContext(TfLiteContext*, TfLiteExternalContextType)	0	static
../Middlewares/tensorflow/third_party/flatbuffers/include/flatbuffers/table.h:35:13:flatbuffers::voffset_t flatbuffers::Table::GetOptionalFieldOffset(flatbuffers::voffset_t) const	0	static
../Middlewares/tensorflow/tensorflow/lite/schema/schema_generated.h:1418:20:const char* tflite::EnumNameBuiltinOperator(BuiltinOperator)	0	static
../Middlewares/tensorflow/tensorflow/lite/schema/schema_generated.h:13399:69:const flatbuffers::Vector<flatbuffers::Offset<tflite::SubGraph> >* tflite::Model::subgraphs() const	8	static
../Middlewares/tensorflow/tensorflow/lite/micro/micro_interpreter.cc:79:6:void tflite::MicroInterpreter::Init(tflite::MicroProfilerInterface*)	16	static
../Middlewares/tensorflow/tensorflow/lite/micro/micro_interpreter.cc:37:1:tflite::MicroInterpreter::MicroInterpreter(const tflite::Model*, const tflite::MicroOpResolver&, uint8_t*, size_t, tflite::MicroResourceVariables*, tflite::MicroProfilerInterface*)	32	static
../Middlewares/tensorflow/tensorflow/lite/micro/micro_interpreter.cc:56:1:tflite::MicroInterpreter::MicroInterpreter(const tflite::Model*, const tflite::MicroOpResolver&, tflite::MicroAllocator*, tflite::MicroResourceVariables*, tflite::MicroProfilerInterface*)	32	static
../Middlewares/tensorflow/tensorflow/lite/micro/micro_interpreter.cc:309:14:TfLiteStatus tflite::MicroInterpreter::SetMicroExternalContext(void*)	0	static
../Middlewares/tensorflow/third_party/flatbuffers/include/flatbuffers/vector.h:169:15:flatbuffers::Vector<T>::return_type flatbuffers::Vector<T>::Get(flatbuffers::uoffset_t) const [with T = long int]	8	static
../Middlewares/tensorflow/third_party/flatbuffers/include/flatbuffers/vector.h:169:15:flatbuffers::Vector<T>::return_type flatbuffers::Vector<T>::Get(flatbuffers::uoffset_t) const [with T = flatbuffers::Offset<tflite::SubGraph>]	8	static
../Middlewares/tensorflow/third_party/flatbuffers/include/flatbuffers/table.h:50:26:P flatbuffers::Table::GetPointer(flatbuffers::voffset_t) [with P = const flatbuffers::Vector<long int>*]	8	static
../Middlewares/tensorflow/tensorflow/lite/micro/micro_interpreter.h:83:10:size_t tflite::MicroInterpreter::inputs_size() const	8	static
../Middlewares/tensorflow/tensorflow/lite/micro/micro_interpreter.cc:282:15:TfLiteTensor* tflite::MicroInterpreter::input(size_t)	16	static
../Middlewares/tensorflow/tensorflow/lite/micro/micro_interpreter.h:101:10:size_t tflite::MicroInterpreter::outputs_size() const	8	static
../Middlewares/tensorflow/tensorflow/lite/micro/micro_interpreter.cc:291:15:TfLiteTensor* tflite::MicroInterpreter::output(size_t)	16	static
../Middlewares/tensorflow/tensorflow/lite/micro/micro_interpreter.cc:73:1:tflite::MicroInterpreter::~MicroInterpreter()	16	static
../Middlewares/tensorflow/tensorflow/lite/micro/micro_interpreter.cc:95:14:TfLiteStatus tflite::MicroInterpreter::PrepareNodeAndRegistrationDataFromFlatbuffer()	80	static
../Middlewares/tensorflow/tensorflow/lite/micro/micro_interpreter.cc:301:14:TfLiteStatus tflite::MicroInterpreter::Reset()	8	static
../Middlewares/tensorflow/tensorflow/lite/micro/micro_interpreter.cc:188:14:TfLiteStatus tflite::MicroInterpreter::AllocateTensors()	56	static
../Middlewares/tensorflow/tensorflow/lite/micro/micro_interpreter.cc:268:14:TfLiteStatus tflite::MicroInterpreter::Invoke()	8	static
