../Middlewares/tensorflow/tensorflow/lite/micro/test_helpers.cc:57:8:virtual void tflite::testing::{anonymous}::StackAllocator::deallocate(uint8_t*, size_t)	0	static
../Middlewares/tensorflow/tensorflow/lite/micro/test_helpers.cc:1446:7:static void* tflite::testing::SimpleStatefulOp::Init(TfLiteContext*, const char*, size_t)	8	static
../Middlewares/tensorflow/tensorflow/lite/micro/test_helpers.cc:1454:14:static TfLiteStatus tflite::testing::SimpleStatefulOp::Prepare(TfLiteContext*, TfLiteNode*)	32	static
../Middlewares/tensorflow/tensorflow/lite/micro/test_helpers.cc:1543:6:static void tflite::testing::MockCustom::Free(TfLiteContext*, void*)	0	static
../Middlewares/tensorflow/tensorflow/lite/micro/test_helpers.cc:1545:14:static TfLiteStatus tflite::testing::MockCustom::Prepare(TfLiteContext*, TfLiteNode*)	0	static
../Middlewares/tensorflow/tensorflow/lite/micro/test_helpers.cc:1591:6:static void tflite::testing::MultipleInputs::Free(TfLiteContext*, void*)	0	static
../Middlewares/tensorflow/tensorflow/lite/micro/test_helpers.cc:1645:6:static void tflite::testing::NoOp::Free(TfLiteContext*, void*)	0	static
../Middlewares/tensorflow/tensorflow/lite/micro/test_helpers.cc:43:7:virtual tflite::testing::{anonymous}::StackAllocator::~StackAllocator()	0	static
../Middlewares/tensorflow/tensorflow/lite/micro/test_helpers.cc:1549:14:static TfLiteStatus tflite::testing::MockCustom::Invoke(TfLiteContext*, TfLiteNode*)	32	static
../Middlewares/tensorflow/tensorflow/lite/micro/test_helpers.cc:1599:14:static TfLiteStatus tflite::testing::MultipleInputs::Invoke(TfLiteContext*, TfLiteNode*)	32	static
../Middlewares/tensorflow/tensorflow/lite/micro/test_helpers.cc:1651:14:static TfLiteStatus tflite::testing::NoOp::Invoke(TfLiteContext*, TfLiteNode*)	0	static
../Middlewares/tensorflow/tensorflow/lite/micro/test_helpers.cc:76:33:flatbuffers::FlatBufferBuilder* tflite::testing::{anonymous}::BuilderInstance()	32	static
../Middlewares/tensorflow/tensorflow/lite/micro/test_helpers.cc:93:12:tflite::testing::{anonymous}::ModelBuilder::ModelBuilder(flatbuffers::FlatBufferBuilder*)	24	static
../Middlewares/tensorflow/third_party/flatbuffers/include/flatbuffers/vector_downward.h:174:12:uint8_t* flatbuffers::vector_downward::scratch_end() const	8	static
../Middlewares/tensorflow/third_party/flatbuffers/include/flatbuffers/vector_downward.h:164:12:uint8_t* flatbuffers::vector_downward::data() const	8	static
../Middlewares/tensorflow/third_party/flatbuffers/include/flatbuffers/vector_downward.h:135:10:size_t flatbuffers::vector_downward::ensure_space(size_t)	32	static
../Middlewares/tensorflow/third_party/flatbuffers/include/flatbuffers/allocator.h:41:20:virtual uint8_t* flatbuffers::Allocator::reallocate_downward(uint8_t*, size_t, size_t, size_t, size_t)	32	static
../Middlewares/tensorflow/tensorflow/lite/micro/test_helpers.cc:1595:14:static TfLiteStatus tflite::testing::MultipleInputs::Prepare(TfLiteContext*, TfLiteNode*)	0	static
../Middlewares/tensorflow/tensorflow/lite/micro/test_helpers.cc:1647:14:static TfLiteStatus tflite::testing::NoOp::Prepare(TfLiteContext*, TfLiteNode*)	0	static
../Middlewares/tensorflow/tensorflow/lite/micro/test_helpers.cc:1480:14:static TfLiteStatus tflite::testing::SimpleStatefulOp::Invoke(TfLiteContext*, TfLiteNode*)	40	static
../Middlewares/tensorflow/third_party/flatbuffers/include/flatbuffers/vector_downward.h:144:19:uint8_t* flatbuffers::vector_downward::make_space(size_t)	16	static
../Middlewares/tensorflow/third_party/flatbuffers/include/flatbuffers/vector_downward.h:181:8:void flatbuffers::vector_downward::push(const uint8_t*, size_t)	16	static
../Middlewares/tensorflow/third_party/flatbuffers/include/flatbuffers/vector_downward.h:199:8:void flatbuffers::vector_downward::fill(size_t)	16	static
../Middlewares/tensorflow/third_party/flatbuffers/include/flatbuffers/flatbuffer_builder.h:165:12:uint8_t* flatbuffers::FlatBufferBuilder::GetBufferPointer() const	8	static
../Middlewares/tensorflow/third_party/flatbuffers/include/flatbuffers/flatbuffer_builder.h:252:8:void flatbuffers::FlatBufferBuilder::Align(size_t)	8	static
../Middlewares/tensorflow/third_party/flatbuffers/include/flatbuffers/flatbuffer_builder.h:286:8:void flatbuffers::FlatBufferBuilder::TrackField(flatbuffers::voffset_t, flatbuffers::uoffset_t)	16	static
../Middlewares/tensorflow/third_party/flatbuffers/include/flatbuffers/flatbuffer_builder.h:323:13:flatbuffers::uoffset_t flatbuffers::FlatBufferBuilder::ReferTo(flatbuffers::uoffset_t)	16	static
../Middlewares/tensorflow/third_party/flatbuffers/include/flatbuffers/flatbuffer_builder.h:332:8:void flatbuffers::FlatBufferBuilder::NotNested()	8	static
../Middlewares/tensorflow/third_party/flatbuffers/include/flatbuffers/flatbuffer_builder.h:445:8:void flatbuffers::FlatBufferBuilder::PreAlign(size_t, size_t)	8	static
../Middlewares/tensorflow/third_party/flatbuffers/include/flatbuffers/flatbuffer_builder.h:592:8:void flatbuffers::FlatBufferBuilder::StartVector(size_t, size_t)	16	static
../Middlewares/tensorflow/tensorflow/lite/kernels/op_macros.h:24:13:void AbortImpl()	8	static
../Middlewares/tensorflow/tensorflow/lite/micro/test_helpers.cc:1533:7:static void* tflite::testing::MockCustom::Init(TfLiteContext*, const char*, size_t)	8	static
../Middlewares/tensorflow/tensorflow/lite/micro/test_helpers.cc:1581:7:static void* tflite::testing::MultipleInputs::Init(TfLiteContext*, const char*, size_t)	8	static
../Middlewares/tensorflow/tensorflow/lite/micro/test_helpers.cc:1636:7:static void* tflite::testing::NoOp::Init(TfLiteContext*, const char*, size_t)	8	static
../Middlewares/tensorflow/tensorflow/lite/micro/test_helpers.cc:49:12:virtual uint8_t* tflite::testing::{anonymous}::StackAllocator::allocate(size_t)	8	static
../Middlewares/tensorflow/tensorflow/lite/micro/test_helpers.cc:1438:24:static TfLiteRegistration_V1* tflite::testing::SimpleStatefulOp::GetMutableRegistration()	0	static
../Middlewares/tensorflow/tensorflow/lite/micro/test_helpers.cc:1434:30:static const TfLiteRegistration_V1* tflite::testing::SimpleStatefulOp::getRegistration()	0	static
../Middlewares/tensorflow/tensorflow/lite/micro/test_helpers.cc:1524:24:static TfLiteRegistration_V1* tflite::testing::MockCustom::GetMutableRegistration()	0	static
../Middlewares/tensorflow/tensorflow/lite/micro/test_helpers.cc:1520:30:static const TfLiteRegistration_V1* tflite::testing::MockCustom::getRegistration()	0	static
../Middlewares/tensorflow/tensorflow/lite/micro/test_helpers.cc:1572:24:static TfLiteRegistration_V1* tflite::testing::MultipleInputs::GetMutableRegistration()	0	static
../Middlewares/tensorflow/tensorflow/lite/micro/test_helpers.cc:1568:30:static const TfLiteRegistration_V1* tflite::testing::MultipleInputs::getRegistration()	0	static
../Middlewares/tensorflow/tensorflow/lite/micro/test_helpers.cc:1627:24:static TfLiteRegistration_V1* tflite::testing::NoOp::GetMutableRegistration()	0	static
../Middlewares/tensorflow/tensorflow/lite/micro/test_helpers.cc:1623:30:static const TfLiteRegistration_V1* tflite::testing::NoOp::getRegistration()	0	static
../Middlewares/tensorflow/tensorflow/lite/micro/test_helpers.cc:1866:5:int tflite::testing::TestStrcmp(const char*, const char*)	0	static
../Middlewares/tensorflow/tensorflow/lite/micro/test_helpers.cc:1880:17:TfLiteIntArray* tflite::testing::IntArrayFromInts(int*)	0	static
../Middlewares/tensorflow/tensorflow/lite/micro/test_helpers.cc:1886:19:TfLiteFloatArray* tflite::testing::FloatArrayFromFloats(const float*)	0	static
../Middlewares/tensorflow/tensorflow/lite/micro/test_helpers.cc:1894:14:TfLiteTensor tflite::testing::CreateQuantizedBiasTensor(const float*, int16_t*, TfLiteIntArray*, float, float, bool)	48	static
../Middlewares/tensorflow/tensorflow/lite/micro/test_helpers.cc:2013:8:size_t tflite::testing::GetModelTensorCount(const tflite::Model*)	8	static
../Middlewares/tensorflow/tensorflow/lite/micro/test_helpers.cc:2021:6:void tflite::testing::PackInt4ValuesDenselyInPlace(uint8_t*, int)	8	static
../Middlewares/tensorflow/tensorflow/lite/micro/test_helpers.cc:1988:14:TfLiteTensor tflite::testing::CreateSymmetricPerChannelQuantizedTensor(const float*, int8_t*, TfLiteIntArray*, float*, int*, TfLiteAffineQuantization*, int, bool, TfLiteType)	48	static
../Middlewares/tensorflow/third_party/flatbuffers/include/flatbuffers/flatbuffer_builder.h:272:34:flatbuffers::uoffset_t flatbuffers::FlatBufferBuilder::PushElement(T) [with T = long int]	16	static
../Middlewares/tensorflow/third_party/flatbuffers/include/flatbuffers/flatbuffer_builder.h:357:13:flatbuffers::uoffset_t flatbuffers::FlatBufferBuilder::EndTable(flatbuffers::uoffset_t)	48	static
../Middlewares/tensorflow/third_party/flatbuffers/include/flatbuffers/flatbuffer_builder.h:272:34:flatbuffers::uoffset_t flatbuffers::FlatBufferBuilder::PushElement(T) [with T = long unsigned int]	16	static
../Middlewares/tensorflow/third_party/flatbuffers/include/flatbuffers/flatbuffer_builder.h:586:13:flatbuffers::uoffset_t flatbuffers::FlatBufferBuilder::EndVector(size_t)	8	static
../Middlewares/tensorflow/third_party/flatbuffers/include/flatbuffers/flatbuffer_builder.h:472:18:flatbuffers::Offset<flatbuffers::String> flatbuffers::FlatBufferBuilder::CreateString(const char*)	16	static
../Middlewares/tensorflow/third_party/flatbuffers/include/flatbuffers/flatbuffer_builder.h:1114:8:void flatbuffers::FlatBufferBuilder::Finish(flatbuffers::uoffset_t, const char*, bool)	24	static
../Middlewares/tensorflow/tensorflow/lite/schema/schema_generated.h:20489:13:void tflite::FinishModelBuffer(flatbuffers::FlatBufferBuilder&, flatbuffers::Offset<Model>)	8	static
../Middlewares/tensorflow/third_party/flatbuffers/include/flatbuffers/flatbuffer_builder.h:294:29:void flatbuffers::FlatBufferBuilder::AddElement(flatbuffers::voffset_t, T, T) [with T = unsigned char]	16	static
../Middlewares/tensorflow/third_party/flatbuffers/include/flatbuffers/flatbuffer_builder.h:294:29:void flatbuffers::FlatBufferBuilder::AddElement(flatbuffers::voffset_t, T, T) [with T = long int]	16	static
../Middlewares/tensorflow/tensorflow/lite/schema/schema_generated.h:10265:39:flatbuffers::Offset<tflite::IfOptions> tflite::CreateIfOptions(flatbuffers::FlatBufferBuilder&, int32_t, int32_t)	24	static
../Middlewares/tensorflow/third_party/flatbuffers/include/flatbuffers/flatbuffer_builder.h:294:29:void flatbuffers::FlatBufferBuilder::AddElement(flatbuffers::voffset_t, T, T) [with T = signed char]	16	static
../Middlewares/tensorflow/third_party/flatbuffers/include/flatbuffers/flatbuffer_builder.h:294:29:void flatbuffers::FlatBufferBuilder::AddElement(flatbuffers::voffset_t, T, T) [with T = long unsigned int]	16	static
../Middlewares/tensorflow/third_party/flatbuffers/include/flatbuffers/flatbuffer_builder.h:304:29:void flatbuffers::FlatBufferBuilder::AddOffset(flatbuffers::voffset_t, flatbuffers::Offset<T>) [with T = flatbuffers::Vector<unsigned char>]	16	static
../Middlewares/tensorflow/tensorflow/lite/schema/schema_generated.h:13083:36:flatbuffers::Offset<tflite::Buffer> tflite::CreateBuffer(flatbuffers::FlatBufferBuilder&, flatbuffers::Offset<flatbuffers::Vector<unsigned char> >)	16	static
../Middlewares/tensorflow/third_party/flatbuffers/include/flatbuffers/flatbuffer_builder.h:304:29:void flatbuffers::FlatBufferBuilder::AddOffset(flatbuffers::voffset_t, flatbuffers::Offset<T>) [with T = flatbuffers::Vector<long int>]	16	static
../Middlewares/tensorflow/third_party/flatbuffers/include/flatbuffers/flatbuffer_builder.h:304:29:void flatbuffers::FlatBufferBuilder::AddOffset(flatbuffers::voffset_t, flatbuffers::Offset<T>) [with T = void]	16	static
../Middlewares/tensorflow/third_party/flatbuffers/include/flatbuffers/flatbuffer_builder.h:304:29:void flatbuffers::FlatBufferBuilder::AddOffset(flatbuffers::voffset_t, flatbuffers::Offset<T>) [with T = flatbuffers::Vector<float>]	16	static
../Middlewares/tensorflow/tensorflow/lite/schema/schema_generated.h:4314:52:flatbuffers::Offset<tflite::QuantizationParameters> tflite::CreateQuantizationParameters(flatbuffers::FlatBufferBuilder&, flatbuffers::Offset<flatbuffers::Vector<float> >, flatbuffers::Offset<flatbuffers::Vector<float> >, flatbuffers::Offset<flatbuffers::Vector<float> >, flatbuffers::Offset<flatbuffers::Vector<long long int> >, QuantizationDetails, flatbuffers::Offset<void>, int32_t)	32	static
../Middlewares/tensorflow/tensorflow/lite/schema/schema_generated.h:12857:38:flatbuffers::Offset<tflite::Operator> tflite::CreateOperator(flatbuffers::FlatBufferBuilder&, uint32_t, flatbuffers::Offset<flatbuffers::Vector<long int> >, flatbuffers::Offset<flatbuffers::Vector<long int> >, BuiltinOptions, flatbuffers::Offset<void>, flatbuffers::Offset<flatbuffers::Vector<unsigned char> >, CustomOptionsFormat, flatbuffers::Offset<flatbuffers::Vector<unsigned char> >, flatbuffers::Offset<flatbuffers::Vector<long int> >)	24	static
../Middlewares/tensorflow/third_party/flatbuffers/include/flatbuffers/flatbuffer_builder.h:304:29:void flatbuffers::FlatBufferBuilder::AddOffset(flatbuffers::voffset_t, flatbuffers::Offset<T>) [with T = flatbuffers::String]	16	static
../Middlewares/tensorflow/tensorflow/lite/schema/schema_generated.h:13485:35:flatbuffers::Offset<tflite::Model> tflite::CreateModel(flatbuffers::FlatBufferBuilder&, uint32_t, flatbuffers::Offset<flatbuffers::Vector<flatbuffers::Offset<OperatorCode> > >, flatbuffers::Offset<flatbuffers::Vector<flatbuffers::Offset<SubGraph> > >, flatbuffers::Offset<flatbuffers::String>, flatbuffers::Offset<flatbuffers::Vector<flatbuffers::Offset<Buffer> > >, flatbuffers::Offset<flatbuffers::Vector<long int> >, flatbuffers::Offset<flatbuffers::Vector<flatbuffers::Offset<Metadata> > >, flatbuffers::Offset<flatbuffers::Vector<flatbuffers::Offset<SignatureDef> > >)	40	static
../Middlewares/tensorflow/tensorflow/lite/schema/schema_generated.h:13001:38:flatbuffers::Offset<tflite::SubGraph> tflite::CreateSubGraph(flatbuffers::FlatBufferBuilder&, flatbuffers::Offset<flatbuffers::Vector<flatbuffers::Offset<Tensor> > >, flatbuffers::Offset<flatbuffers::Vector<long int> >, flatbuffers::Offset<flatbuffers::Vector<long int> >, flatbuffers::Offset<flatbuffers::Vector<flatbuffers::Offset<Operator> > >, flatbuffers::Offset<flatbuffers::String>)	32	static
../Middlewares/tensorflow/tensorflow/lite/schema/schema_generated.h:11838:42:flatbuffers::Offset<tflite::OperatorCode> tflite::CreateOperatorCodeDirect(flatbuffers::FlatBufferBuilder&, int8_t, const char*, int32_t, BuiltinOperator)	32	static
../Middlewares/tensorflow/tensorflow/lite/micro/test_helpers.cc:157:24:tflite::testing::{anonymous}::ModelBuilder::Operator tflite::testing::{anonymous}::ModelBuilder::RegisterOp(tflite::BuiltinOperator, const char*)	24	static
../Middlewares/tensorflow/tensorflow/lite/schema/schema_generated.h:5018:36:flatbuffers::Offset<tflite::Tensor> tflite::CreateTensor(flatbuffers::FlatBufferBuilder&, flatbuffers::Offset<flatbuffers::Vector<long int> >, TensorType, uint32_t, flatbuffers::Offset<flatbuffers::String>, flatbuffers::Offset<QuantizationParameters>, bool, flatbuffers::Offset<SparsityParameters>, flatbuffers::Offset<flatbuffers::Vector<long int> >, bool, flatbuffers::Offset<flatbuffers::Vector<flatbuffers::Offset<VariantSubType> > >)	40	static
../Middlewares/tensorflow/third_party/flatbuffers/include/flatbuffers/flatbuffer_builder.h:626:42:flatbuffers::Offset<flatbuffers::Vector<U> > flatbuffers::FlatBufferBuilder::CreateVector(const T*, size_t) [with T = long int]	16	static
../Middlewares/tensorflow/tensorflow/lite/micro/test_helpers.cc:1784:15:const tflite::Tensor* tflite::testing::Create1dFlatbufferTensor(int, bool)	64	static
../Middlewares/tensorflow/tensorflow/lite/micro/test_helpers.cc:1830:15:const tflite::Tensor* tflite::testing::CreateMissingQuantizationFlatbufferTensor(int)	64	static
../Middlewares/tensorflow/tensorflow/lite/micro/test_helpers.cc:100:10:tflite::testing::{anonymous}::ModelBuilder::Tensor tflite::testing::{anonymous}::ModelBuilder::AddTensor(tflite::TensorType, std::initializer_list<long int>)	64	static
../Middlewares/tensorflow/tensorflow/lite/micro/test_helpers.cc:166:20:tflite::testing::{anonymous}::ModelBuilder::Node tflite::testing::{anonymous}::ModelBuilder::AddNode(Operator, std::initializer_list<long int>, std::initializer_list<long int>, std::initializer_list<long int>)	64	static
../Middlewares/tensorflow/third_party/flatbuffers/include/flatbuffers/flatbuffer_builder.h:626:42:flatbuffers::Offset<flatbuffers::Vector<U> > flatbuffers::FlatBufferBuilder::CreateVector(const T*, size_t) [with T = unsigned char]	16	static
../Middlewares/tensorflow/third_party/flatbuffers/include/flatbuffers/flatbuffer_builder.h:670:29:flatbuffers::Offset<flatbuffers::Vector<flatbuffers::Offset<T> > > flatbuffers::FlatBufferBuilder::CreateVector(const flatbuffers::Offset<T>*, size_t) [with T = tflite::Tensor]	24	static
../Middlewares/tensorflow/third_party/flatbuffers/include/flatbuffers/flatbuffer_builder.h:670:29:flatbuffers::Offset<flatbuffers::Vector<flatbuffers::Offset<T> > > flatbuffers::FlatBufferBuilder::CreateVector(const flatbuffers::Offset<T>*, size_t) [with T = tflite::Operator]	24	static
../Middlewares/tensorflow/third_party/flatbuffers/include/flatbuffers/flatbuffer_builder.h:670:29:flatbuffers::Offset<flatbuffers::Vector<flatbuffers::Offset<T> > > flatbuffers::FlatBufferBuilder::CreateVector(const flatbuffers::Offset<T>*, size_t) [with T = tflite::OperatorCode]	24	static
../Middlewares/tensorflow/third_party/flatbuffers/include/flatbuffers/flatbuffer_builder.h:670:29:flatbuffers::Offset<flatbuffers::Vector<flatbuffers::Offset<T> > > flatbuffers::FlatBufferBuilder::CreateVector(const flatbuffers::Offset<T>*, size_t) [with T = tflite::SubGraph]	24	static
../Middlewares/tensorflow/third_party/flatbuffers/include/flatbuffers/flatbuffer_builder.h:670:29:flatbuffers::Offset<flatbuffers::Vector<flatbuffers::Offset<T> > > flatbuffers::FlatBufferBuilder::CreateVector(const flatbuffers::Offset<T>*, size_t) [with T = tflite::Buffer]	24	static
../Middlewares/tensorflow/tensorflow/lite/micro/test_helpers.cc:198:14:const tflite::Model* tflite::testing::{anonymous}::ModelBuilder::BuildModel(std::initializer_list<long int>, std::initializer_list<long int>, size_t)	128	static
../Middlewares/tensorflow/tensorflow/lite/micro/test_helpers.cc:485:14:const tflite::Model* tflite::testing::{anonymous}::BuildModelWith256x256Tensor()	672	static
../Middlewares/tensorflow/tensorflow/lite/micro/test_helpers.cc:1689:14:const tflite::Model* tflite::testing::GetModelWith256x256Tensor()	16	static
../Middlewares/tensorflow/tensorflow/lite/micro/test_helpers.cc:293:14:const tflite::Model* tflite::testing::{anonymous}::BuildSimpleModelWithBranch()	720	static
../Middlewares/tensorflow/tensorflow/lite/micro/test_helpers.cc:1758:14:const tflite::Model* tflite::testing::GetSimpleModelWithBranch()	8	static
../Middlewares/tensorflow/tensorflow/lite/micro/test_helpers.cc:333:14:const tflite::Model* tflite::testing::{anonymous}::BuildModelWithOfflinePlanning(int, const int32_t*, tflite::testing::NodeConnection*, int, int)	624	static
../Middlewares/tensorflow/tensorflow/lite/micro/test_helpers.cc:1766:14:const tflite::Model* tflite::testing::GetModelWithOfflinePlanning(int, const int32_t*, NodeConnection*, int, int)	0	static
../Middlewares/tensorflow/tensorflow/lite/micro/test_helpers.cc:271:14:const tflite::Model* tflite::testing::{anonymous}::BuildSimpleStatefulModel()	688	static
../Middlewares/tensorflow/tensorflow/lite/micro/test_helpers.cc:1776:14:const tflite::Model* tflite::testing::GetSimpleStatefulModel()	8	static
../Middlewares/tensorflow/tensorflow/lite/micro/test_helpers.cc:1849:1:const flatbuffers::Vector<flatbuffers::Offset<tflite::Buffer> >* tflite::testing::CreateFlatbufferBuffers()	24	static
../Middlewares/tensorflow/tensorflow/lite/micro/test_helpers.cc:1673:14:const tflite::Model* tflite::testing::GetModelWithUnusedInputs()	136	static
../Middlewares/tensorflow/tensorflow/lite/micro/test_helpers.cc:1681:14:const tflite::Model* tflite::testing::GetModelWithUnusedOperatorOutputs()	128	static
../Middlewares/tensorflow/tensorflow/lite/micro/test_helpers.cc:1694:14:const tflite::Model* tflite::testing::GetSimpleMockModel()	160	static
../Middlewares/tensorflow/tensorflow/lite/micro/test_helpers.cc:1702:14:const tflite::Model* tflite::testing::GetSimpleMultipleInputsModel()	144	static
../Middlewares/tensorflow/tensorflow/lite/micro/test_helpers.cc:1710:14:const tflite::Model* tflite::testing::GetSimpleModelWithSubgraphsAndIf()	208	static
../Middlewares/tensorflow/tensorflow/lite/micro/test_helpers.cc:1718:14:const tflite::Model* tflite::testing::GetSimpleModelWithIfAndEmptySubgraph()	208	static
../Middlewares/tensorflow/tensorflow/lite/micro/test_helpers.cc:1726:14:const tflite::Model* tflite::testing::GetSimpleModelWithSubgraphsAndWhile()	200	static
../Middlewares/tensorflow/tensorflow/lite/micro/test_helpers.cc:1734:14:const tflite::Model* tflite::testing::GetModelWithIfAndSubgraphInputTensorOverlap()	240	static
../Middlewares/tensorflow/tensorflow/lite/micro/test_helpers.cc:1742:14:const tflite::Model* tflite::testing::GetSimpleModelWithNullInputsAndOutputs()	120	static
../Middlewares/tensorflow/tensorflow/lite/micro/test_helpers.cc:1750:14:const tflite::Model* tflite::testing::GetComplexMockModel()	200	static
../Middlewares/tensorflow/tensorflow/lite/micro/micro_mutable_op_resolver.h:88:16:TfLiteStatus tflite::MicroMutableOpResolver<tOpCount>::AddCustom(const char*, TfLiteRegistration_V1*) [with unsigned int tOpCount = 10]	24	static
../Middlewares/tensorflow/tensorflow/lite/micro/micro_mutable_op_resolver.h:299:16:TfLiteStatus tflite::MicroMutableOpResolver<tOpCount>::AddIf() [with unsigned int tOpCount = 10]	56	static
../Middlewares/tensorflow/tensorflow/lite/micro/test_helpers.cc:1657:14:TfLiteStatus tflite::testing::GetTestingOpResolver(TestingOpResolver&)	8	static
../Middlewares/tensorflow/third_party/flatbuffers/include/flatbuffers/flatbuffer_builder.h:626:42:flatbuffers::Offset<flatbuffers::Vector<U> > flatbuffers::FlatBufferBuilder::CreateVector(const T*, size_t) [with T = float]	16	static
../Middlewares/tensorflow/tensorflow/lite/micro/test_helpers.cc:1799:15:const tflite::Tensor* tflite::testing::CreateQuantizedFlatbufferTensor(int)	88	static
../Middlewares/tensorflow/tensorflow/lite/micro/micro_utils.h:52:3:T tflite::FloatToSymmetricQuantizedType(float, float) [with T = long int]	8	static
../Middlewares/tensorflow/tensorflow/lite/micro/test_helpers.cc:1908:14:TfLiteTensor tflite::testing::CreateQuantizedBiasTensor(const float*, int32_t*, TfLiteIntArray*, float, float, bool)	40	static
../Middlewares/tensorflow/tensorflow/lite/micro/test_helpers.cc:1968:14:TfLiteTensor tflite::testing::CreatePerChannelQuantizedBiasTensor(const float*, int32_t*, TfLiteIntArray*, float, float*, float*, int*, TfLiteAffineQuantization*, int, bool)	72	static
../Middlewares/tensorflow/tensorflow/lite/micro/micro_utils.h:52:3:T tflite::FloatToSymmetricQuantizedType(float, float) [with T = long long int]	8	static
../Middlewares/tensorflow/tensorflow/lite/micro/test_helpers.cc:1922:14:TfLiteTensor tflite::testing::CreateQuantizedBiasTensor(const float*, int64_t*, TfLiteIntArray*, float, float, bool)	40	static
../Middlewares/tensorflow/tensorflow/lite/micro/test_helpers.cc:1978:14:TfLiteTensor tflite::testing::CreatePerChannelQuantizedBiasTensor(const float*, int64_t*, TfLiteIntArray*, float, float*, float*, int*, TfLiteAffineQuantization*, int, bool)	64	static
