../Middlewares/tensorflow/tensorflow/lite/kernels/op_macros.h:24:13:void AbortImpl()	8	static
../Middlewares/tensorflow/tensorflow/lite/kernels/internal/types.h:312:12:int tflite::MatchingFlatSize(const RuntimeShape&, const RuntimeShape&)	16	static
../Middlewares/tensorflow/tensorflow/lite/micro/kernels/activations_common.cc:36:6:void tflite::ReluQuantized(const ReluOpData&, const RuntimeShape&, const RuntimeShape&, const int8_t*, int8_t*)	32	static
../Middlewares/tensorflow/tensorflow/lite/micro/kernels/activations_common.cc:82:6:void tflite::ReluFloat(const RuntimeShape&, const float*, const RuntimeShape&, float*)	16	static
../Middlewares/tensorflow/tensorflow/lite/micro/kernels/activations_common.cc:93:6:void tflite::Relu6Float(const RuntimeShape&, const float*, const RuntimeShape&, float*)	16	static
../Middlewares/tensorflow/tensorflow/lite/micro/kernels/activations_common.cc:105:6:void tflite::Relu6Quantized(int8_t, int8_t, const RuntimeShape&, const int8_t*, const RuntimeShape&, int8_t*)	24	static
../Middlewares/tensorflow/tensorflow/lite/micro/kernels/activations_common.cc:116:14:TfLiteStatus tflite::ReluPrepare(TfLiteContext*, TfLiteNode*)	96	static
../Middlewares/tensorflow/tensorflow/lite/micro/kernels/activations_common.cc:138:14:TfLiteStatus tflite::Relu6Prepare(TfLiteContext*, TfLiteNode*)	40	static
