../Middlewares/tensorflow/tensorflow/lite/kernels/internal/reference/comparisons.h:37:13:bool tflite::reference_ops::GreaterFn(T, T) [with T = float]	0	static
../Middlewares/tensorflow/tensorflow/lite/kernels/internal/reference/comparisons.h:45:13:bool tflite::reference_ops::LessFn(T, T) [with T = float]	0	static
../Middlewares/tensorflow/tensorflow/lite/kernels/internal/reference/comparisons.h:37:13:bool tflite::reference_ops::GreaterFn(T, T) [with T = signed char]	0	static
../Middlewares/tensorflow/tensorflow/lite/kernels/internal/reference/comparisons.h:45:13:bool tflite::reference_ops::LessFn(T, T) [with T = signed char]	0	static
../Middlewares/tensorflow/tensorflow/lite/kernels/op_macros.h:24:13:void AbortImpl()	8	static
../Middlewares/tensorflow/tensorflow/lite/kernels/internal/runtime_shape.h:65:11:int32_t tflite::RuntimeShape::Dims(int) const	8	static
../Middlewares/tensorflow/tensorflow/lite/micro/kernels/arg_min_max.cc:110:23:TfLiteRegistration_V1 tflite::Register_ARG_MAX()	16	static
../Middlewares/tensorflow/tensorflow/lite/micro/kernels/arg_min_max.cc:114:23:TfLiteRegistration_V1 tflite::Register_ARG_MIN()	16	static
../Middlewares/tensorflow/tensorflow/lite/kernels/internal/reference/arg_min_max.h:36:6:void tflite::reference_ops::ArgMinMax(const tflite::RuntimeShape&, const T1*, const T3*, const tflite::RuntimeShape&, T2*, const Cmp&) [with T1 = float; T2 = long int; T3 = long int; Cmp = bool(float, float)]	88	static
../Middlewares/tensorflow/tensorflow/lite/kernels/internal/reference/arg_min_max.h:36:6:void tflite::reference_ops::ArgMinMax(const tflite::RuntimeShape&, const T1*, const T3*, const tflite::RuntimeShape&, T2*, const Cmp&) [with T1 = signed char; T2 = long int; T3 = long int; Cmp = bool(signed char, signed char)]	80	static
../Middlewares/tensorflow/tensorflow/lite/micro/kernels/arg_min_max.cc:53:14:TfLiteStatus tflite::{anonymous}::Eval(TfLiteContext*, TfLiteNode*, bool)	88	static
../Middlewares/tensorflow/tensorflow/lite/micro/kernels/arg_min_max.cc:104:14:TfLiteStatus tflite::{anonymous}::ArgMaxEval(TfLiteContext*, TfLiteNode*)	0	static
../Middlewares/tensorflow/tensorflow/lite/micro/kernels/arg_min_max.cc:100:14:TfLiteStatus tflite::{anonymous}::ArgMinEval(TfLiteContext*, TfLiteNode*)	0	static
