../Middlewares/tensorflow/tensorflow/lite/micro/kernels/broadcast_to.cc:51:25:tflite::{anonymous}::ValidateOutputTensor(TfLiteContext*, TfLiteTensor*, TfLiteTensor*, TfLiteTensor*)::<lambda(int)>	0	static
../Middlewares/tensorflow/tensorflow/lite/kernels/op_macros.h:24:13:void AbortImpl()	8	static
../Middlewares/tensorflow/tensorflow/lite/kernels/internal/runtime_shape.h:65:11:int32_t tflite::RuntimeShape::Dims(int) const	8	static
../Middlewares/tensorflow/tensorflow/lite/micro/kernels/broadcast_to.cc:76:14:TfLiteStatus tflite::{anonymous}::BroadcastToPrepare(TfLiteContext*, TfLiteNode*)	104	static
../Middlewares/tensorflow/tensorflow/lite/kernels/internal/runtime_shape.h:107:3:tflite::RuntimeShape::RuntimeShape(int, const tflite::RuntimeShape&, int)	24	static
../Middlewares/tensorflow/tensorflow/lite/kernels/internal/common.h:941:12:int tflite::SubscriptToIndex(const NdArrayDesc<5>&, int*)	12	static
../Middlewares/tensorflow/tensorflow/lite/micro/kernels/broadcast_to.cc:118:23:TfLiteRegistration_V1 tflite::Register_BROADCAST_TO()	16	static
../Middlewares/tensorflow/tensorflow/lite/kernels/internal/common.h:1013:22:void tflite::CopyDimsToDesc(const RuntimeShape&, NdArrayDesc<N>*) [with int N = 5]	24	static
../Middlewares/tensorflow/tensorflow/lite/kernels/internal/reference/broadcast_to.h:24:6:void tflite::reference_ops::BroadcastImpl(const tflite::NdArrayDesc<N>&, const char*, const tflite::NdArrayDesc<N>&, char*, int*, int, int, int) [with int N = 5]	64	static
../Middlewares/tensorflow/tensorflow/lite/kernels/internal/reference/broadcast_to.h:62:13:void tflite::reference_ops::BroadcastTo(const tflite::RuntimeShape&, const char*, const tflite::RuntimeShape&, char*, TfLiteType) [with int N = 5]	168	static
../Middlewares/tensorflow/tensorflow/lite/micro/kernels/broadcast_to.cc:105:14:TfLiteStatus tflite::{anonymous}::BroadcastToEval(TfLiteContext*, TfLiteNode*)	80	static
