../Middlewares/tensorflow/tensorflow/lite/kernels/op_macros.h:24:13:void AbortImpl()	8	static
../Middlewares/tensorflow/tensorflow/lite/micro/kernels/comparisons.cc:531:7:void* tflite::{anonymous}::Init(TfLiteContext*, const char*, size_t)	8	static
../Middlewares/tensorflow/tensorflow/lite/micro/kernels/comparisons.cc:536:14:TfLiteStatus tflite::{anonymous}::Prepare(TfLiteContext*, TfLiteNode*)	56	static
../Middlewares/tensorflow/tensorflow/lite/kernels/internal/runtime_shape.h:65:11:int32_t tflite::RuntimeShape::Dims(int) const	8	static
../Middlewares/tensorflow/tensorflow/lite/kernels/internal/runtime_shape.h:131:12:int tflite::Offset(const RuntimeShape&, int, int, int, int)	16	static
../Middlewares/tensorflow/tensorflow/lite/kernels/internal/types.h:322:12:int tflite::MatchingFlatSize(const RuntimeShape&, const RuntimeShape&, const RuntimeShape&)	32	static
../Middlewares/tensorflow/tensorflow/lite/kernels/internal/common.h:239:16:int32_t tflite::MultiplyByQuantizedMultiplierSmallerThanOneExp(int32_t, int32_t, int)	8	static
../Middlewares/tensorflow/tensorflow/lite/kernels/internal/common.h:931:12:int tflite::SubscriptToIndex(const NdArrayDesc<4>&, int, int, int, int)	16	static
../Middlewares/tensorflow/tensorflow/lite/micro/kernels/comparisons.cc:582:23:TfLiteRegistration_V1 tflite::Register_EQUAL()	16	static
../Middlewares/tensorflow/tensorflow/lite/micro/kernels/comparisons.cc:586:23:TfLiteRegistration_V1 tflite::Register_NOT_EQUAL()	16	static
../Middlewares/tensorflow/tensorflow/lite/micro/kernels/comparisons.cc:590:23:TfLiteRegistration_V1 tflite::Register_GREATER()	16	static
../Middlewares/tensorflow/tensorflow/lite/micro/kernels/comparisons.cc:594:23:TfLiteRegistration_V1 tflite::Register_GREATER_EQUAL()	16	static
../Middlewares/tensorflow/tensorflow/lite/micro/kernels/comparisons.cc:598:23:TfLiteRegistration_V1 tflite::Register_LESS()	16	static
../Middlewares/tensorflow/tensorflow/lite/micro/kernels/comparisons.cc:602:23:TfLiteRegistration_V1 tflite::Register_LESS_EQUAL()	16	static
../Middlewares/tensorflow/tensorflow/lite/micro/kernels/kernel_util.h:71:10:const T* tflite::micro::GetTensorData(const TfLiteEvalTensor*) [with T = bool]	8	static
../Middlewares/tensorflow/tensorflow/lite/micro/kernels/kernel_util.h:71:10:const T* tflite::micro::GetTensorData(const TfLiteEvalTensor*) [with T = float]	8	static
../Middlewares/tensorflow/tensorflow/lite/micro/kernels/kernel_util.h:71:10:const T* tflite::micro::GetTensorData(const TfLiteEvalTensor*) [with T = long int]	8	static
../Middlewares/tensorflow/tensorflow/lite/micro/kernels/kernel_util.h:71:10:const T* tflite::micro::GetTensorData(const TfLiteEvalTensor*) [with T = long long int]	8	static
../Middlewares/tensorflow/tensorflow/lite/micro/kernels/kernel_util.h:71:10:const T* tflite::micro::GetTensorData(const TfLiteEvalTensor*) [with T = signed char]	8	static
../Middlewares/tensorflow/tensorflow/lite/kernels/internal/reference/comparisons.h:159:13:void tflite::reference_ops::BroadcastComparison4DSlowWithScaling(const tflite::ComparisonParams&, const tflite::RuntimeShape&, const T*, const tflite::RuntimeShape&, const T*, const tflite::RuntimeShape&, bool*) [with T = signed char; bool (* F)(long int, long int) = EqualFn<long int>]	192	static
../Middlewares/tensorflow/tensorflow/lite/micro/kernels/comparisons.cc:36:14:TfLiteStatus tflite::{anonymous}::EqualEval(TfLiteContext*, TfLiteNode*)	552	static
../Middlewares/tensorflow/tensorflow/lite/kernels/internal/reference/comparisons.h:159:13:void tflite::reference_ops::BroadcastComparison4DSlowWithScaling(const tflite::ComparisonParams&, const tflite::RuntimeShape&, const T*, const tflite::RuntimeShape&, const T*, const tflite::RuntimeShape&, bool*) [with T = signed char; bool (* F)(long int, long int) = NotEqualFn<long int>]	192	static
../Middlewares/tensorflow/tensorflow/lite/micro/kernels/comparisons.cc:128:14:TfLiteStatus tflite::{anonymous}::NotEqualEval(TfLiteContext*, TfLiteNode*)	552	static
../Middlewares/tensorflow/tensorflow/lite/kernels/internal/reference/comparisons.h:159:13:void tflite::reference_ops::BroadcastComparison4DSlowWithScaling(const tflite::ComparisonParams&, const tflite::RuntimeShape&, const T*, const tflite::RuntimeShape&, const T*, const tflite::RuntimeShape&, bool*) [with T = signed char; bool (* F)(long int, long int) = GreaterFn<long int>]	192	static
../Middlewares/tensorflow/tensorflow/lite/micro/kernels/comparisons.cc:219:14:TfLiteStatus tflite::{anonymous}::GreaterEval(TfLiteContext*, TfLiteNode*)	456	static
../Middlewares/tensorflow/tensorflow/lite/kernels/internal/reference/comparisons.h:159:13:void tflite::reference_ops::BroadcastComparison4DSlowWithScaling(const tflite::ComparisonParams&, const tflite::RuntimeShape&, const T*, const tflite::RuntimeShape&, const T*, const tflite::RuntimeShape&, bool*) [with T = signed char; bool (* F)(long int, long int) = GreaterEqualFn<long int>]	192	static
../Middlewares/tensorflow/tensorflow/lite/micro/kernels/comparisons.cc:297:14:TfLiteStatus tflite::{anonymous}::GreaterEqualEval(TfLiteContext*, TfLiteNode*)	456	static
../Middlewares/tensorflow/tensorflow/lite/kernels/internal/reference/comparisons.h:159:13:void tflite::reference_ops::BroadcastComparison4DSlowWithScaling(const tflite::ComparisonParams&, const tflite::RuntimeShape&, const T*, const tflite::RuntimeShape&, const T*, const tflite::RuntimeShape&, bool*) [with T = signed char; bool (* F)(long int, long int) = LessFn<long int>]	192	static
../Middlewares/tensorflow/tensorflow/lite/micro/kernels/comparisons.cc:375:14:TfLiteStatus tflite::{anonymous}::LessEval(TfLiteContext*, TfLiteNode*)	456	static
../Middlewares/tensorflow/tensorflow/lite/kernels/internal/reference/comparisons.h:159:13:void tflite::reference_ops::BroadcastComparison4DSlowWithScaling(const tflite::ComparisonParams&, const tflite::RuntimeShape&, const T*, const tflite::RuntimeShape&, const T*, const tflite::RuntimeShape&, bool*) [with T = signed char; bool (* F)(long int, long int) = LessEqualFn<long int>]	192	static
../Middlewares/tensorflow/tensorflow/lite/micro/kernels/comparisons.cc:453:14:TfLiteStatus tflite::{anonymous}::LessEqualEval(TfLiteContext*, TfLiteNode*)	456	static
