../Middlewares/tensorflow/tensorflow/lite/micro/kernels/concatenation.cc:66:13:void tflite::{anonymous}::GetShapesPointers(const tflite::RuntimeShape*, size_t, const tflite::RuntimeShape**)	12	static
../Middlewares/tensorflow/tensorflow/lite/kernels/op_macros.h:24:13:void AbortImpl()	8	static
../Middlewares/tensorflow/tensorflow/lite/micro/kernels/concatenation.cc:107:7:void* tflite::{anonymous}::Init(TfLiteContext*, const char*, size_t)	8	static
../Middlewares/tensorflow/tensorflow/lite/micro/kernels/concatenation.cc:53:13:void tflite::{anonymous}::GetAllInputTensorShapes(const TfLiteContext*, const TfLiteNode*, tflite::RuntimeShape*)	56	static
../Middlewares/tensorflow/tensorflow/lite/micro/kernels/concatenation.cc:112:14:TfLiteStatus tflite::{anonymous}::Prepare(TfLiteContext*, TfLiteNode*)	64	static
../Middlewares/tensorflow/tensorflow/lite/kernels/internal/runtime_shape.h:65:11:int32_t tflite::RuntimeShape::Dims(int) const	8	static
../Middlewares/tensorflow/tensorflow/lite/kernels/internal/types.h:263:12:int tflite::MatchingDim(const RuntimeShape&, int, const RuntimeShape&, int)	16	static
../Middlewares/tensorflow/tensorflow/lite/micro/kernels/concatenation.cc:87:6:void tflite::{anonymous}::EvalUnquantized(TfLiteContext*, TfLiteNode*) [with data_type = float]	448	static
../Middlewares/tensorflow/tensorflow/lite/micro/kernels/concatenation.cc:87:6:void tflite::{anonymous}::EvalUnquantized(TfLiteContext*, TfLiteNode*) [with data_type = long int]	448	static
../Middlewares/tensorflow/tensorflow/lite/micro/kernels/concatenation.cc:87:6:void tflite::{anonymous}::EvalUnquantized(TfLiteContext*, TfLiteNode*) [with data_type = signed char]	448	static
../Middlewares/tensorflow/tensorflow/lite/micro/kernels/concatenation.cc:87:6:void tflite::{anonymous}::EvalUnquantized(TfLiteContext*, TfLiteNode*) [with data_type = long long int]	448	static
../Middlewares/tensorflow/tensorflow/lite/micro/kernels/concatenation.cc:87:6:void tflite::{anonymous}::EvalUnquantized(TfLiteContext*, TfLiteNode*) [with data_type = short int]	448	static
../Middlewares/tensorflow/tensorflow/lite/micro/kernels/concatenation.cc:87:6:void tflite::{anonymous}::EvalUnquantized(TfLiteContext*, TfLiteNode*) [with data_type = bool]	448	static
../Middlewares/tensorflow/tensorflow/lite/micro/kernels/concatenation.cc:218:14:TfLiteStatus tflite::{anonymous}::Eval(TfLiteContext*, TfLiteNode*)	24	static
../Middlewares/tensorflow/tensorflow/lite/micro/kernels/concatenation.cc:255:23:TfLiteRegistration_V1 tflite::Register_CONCATENATION()	16	static
