../Middlewares/tensorflow/tensorflow/lite/micro/kernels/cumsum.cc:107:14:TfLiteStatus tflite::{anonymous}::Prepare(TfLiteContext*, TfLiteNode*)	88	static
../Middlewares/tensorflow/tensorflow/lite/kernels/op_macros.h:24:13:void AbortImpl()	8	static
../Middlewares/tensorflow/tensorflow/lite/kernels/internal/runtime_shape.h:65:11:int32_t tflite::RuntimeShape::Dims(int) const	8	static
../Middlewares/tensorflow/tensorflow/lite/kernels/internal/common.h:239:16:int32_t tflite::MultiplyByQuantizedMultiplierSmallerThanOneExp(int32_t, int32_t, int)	8	static
../Middlewares/tensorflow/tensorflow/lite/kernels/internal/reference/cumsum.h:87:13:void tflite::reference_ops::CumSum(const tflite::ArithmeticParams&, const int8_t*, const tflite::RuntimeShape&, int32_t, bool, bool, int8_t*)	72	static
../Middlewares/tensorflow/tensorflow/lite/micro/kernels/cumsum.cc:171:23:TfLiteRegistration_V1 tflite::Register_CUMSUM()	16	static
../Middlewares/tensorflow/tensorflow/lite/kernels/internal/reference/cumsum.h:29:13:void tflite::reference_ops::CumSum(const T*, const tflite::RuntimeShape&, int32_t, bool, bool, T*) [with T = float]	56	static
../Middlewares/tensorflow/tensorflow/lite/micro/kernels/cumsum.cc:111:14:TfLiteStatus tflite::{anonymous}::Eval(TfLiteContext*, TfLiteNode*)	176	static
