../Middlewares/tensorflow/tensorflow/lite/kernels/op_macros.h:24:13:void AbortImpl()	8	static
../Middlewares/tensorflow/tensorflow/lite/kernels/padding.h:44:12:int tflite::ComputeOutSize(TfLitePadding, int, int, int, int)	8	static
../Middlewares/tensorflow/tensorflow/lite/micro/kernels/depthwise_conv_common.cc:41:17:tflite::DepthwiseParams tflite::DepthwiseConvParamsFloat(const TfLiteDepthwiseConvParams&, const OpDataConv&)	16	static
../Middlewares/tensorflow/tensorflow/lite/micro/kernels/depthwise_conv_common.cc:59:17:tflite::DepthwiseParams tflite::DepthwiseConvParamsQuantized(const TfLiteDepthwiseConvParams&, const OpDataConv&)	16	static
../Middlewares/tensorflow/tensorflow/lite/micro/kernels/depthwise_conv_common.cc:80:14:TfLiteStatus tflite::CalculateOpDataDepthwiseConv(TfLiteContext*, TfLiteNode*, const TfLiteDepthwiseConvParams&, int, int, int, int, int, int, TfLiteType, OpDataConv*)	96	static
../Middlewares/tensorflow/tensorflow/lite/micro/kernels/depthwise_conv_common.cc:136:14:TfLiteStatus tflite::DepthwiseConvPrepare(TfLiteContext*, TfLiteNode*)	136	static
