../Middlewares/tensorflow/tensorflow/lite/kernels/op_macros.h:24:13:void AbortImpl()	8	static
../Middlewares/tensorflow/tensorflow/lite/micro/kernels/dequantize.cc:31:7:void* tflite::DequantizeInit(TfLiteContext*, const char*, size_t)	8	static
../Middlewares/tensorflow/tensorflow/lite/kernels/internal/types.h:312:12:int tflite::MatchingFlatSize(const RuntimeShape&, const RuntimeShape&)	16	static
../Middlewares/tensorflow/tensorflow/lite/micro/kernels/dequantize.cc:37:14:TfLiteStatus tflite::DequantizeEval(TfLiteContext*, TfLiteNode*)	88	static
../Middlewares/tensorflow/tensorflow/lite/micro/kernels/dequantize.cc:83:23:TfLiteRegistration_V1 tflite::Register_DEQUANTIZE()	16	static
