../Middlewares/tensorflow/third_party/gemmlowp/fixedpoint/fixedpoint.h:329:21:IntegerType gemmlowp::SaturatingRoundingDoublingHighMul(IntegerType, IntegerType) [with IntegerType = long int]	0	static
../Middlewares/tensorflow/tensorflow/lite/kernels/op_macros.h:24:13:void AbortImpl()	8	static
../Middlewares/tensorflow/tensorflow/lite/micro/kernels/div.cc:68:7:void* tflite::{anonymous}::Init(TfLiteContext*, const char*, size_t)	8	static
../Middlewares/tensorflow/tensorflow/lite/micro/kernels/div.cc:73:14:TfLiteStatus tflite::{anonymous}::Prepare(TfLiteContext*, TfLiteNode*)	48	static
../Middlewares/tensorflow/tensorflow/lite/kernels/internal/runtime_shape.h:65:11:int32_t tflite::RuntimeShape::Dims(int) const	8	static
../Middlewares/tensorflow/tensorflow/lite/kernels/internal/runtime_shape.h:94:7:int tflite::RuntimeShape::FlatSize() const	8	static
../Middlewares/tensorflow/tensorflow/lite/kernels/internal/runtime_shape.h:107:3:tflite::RuntimeShape::RuntimeShape(int, const tflite::RuntimeShape&, int)	24	static
../Middlewares/tensorflow/tensorflow/lite/kernels/internal/types.h:299:12:int tflite::MatchingElementsSize(const RuntimeShape&, const RuntimeShape&, const RuntimeShape&)	16	static
../Middlewares/tensorflow/tensorflow/lite/kernels/internal/common.h:239:16:int32_t tflite::MultiplyByQuantizedMultiplierSmallerThanOneExp(int32_t, int32_t, int)	8	static
../Middlewares/tensorflow/tensorflow/lite/kernels/internal/common.h:941:12:int tflite::SubscriptToIndex(const NdArrayDesc<5>&, int*)	12	static
../Middlewares/tensorflow/tensorflow/lite/kernels/internal/reference/process_broadcast_shapes.h:40:13:bool tflite::reference_ops::ProcessBroadcastShapes(const tflite::RuntimeShape&, const tflite::RuntimeShape&, tflite::ArithmeticParams*)	88	static
../Middlewares/tensorflow/tensorflow/lite/micro/kernels/div.cc:204:23:TfLiteRegistration_V1 tflite::Register_DIV()	16	static
../Middlewares/tensorflow/third_party/gemmlowp/fixedpoint/fixedpoint.h:842:25:gemmlowp::FixedPoint<tRawType, 0> gemmlowp::one_over_one_plus_x_for_x_in_0_1(FixedPoint<tRawType, 0>) [with tRawType = long int]	24	static
../Middlewares/tensorflow/tensorflow/lite/kernels/internal/common.h:829:16:int32_t tflite::GetReciprocal(int32_t, int, int*)	8	static
../Middlewares/tensorflow/tensorflow/lite/kernels/internal/reference/div.h:27:13:void tflite::reference_ops::DivCheckArithmeticParams(const tflite::ArithmeticParams&) [with T = signed char]	8	static
../Middlewares/tensorflow/tensorflow/lite/kernels/internal/reference/div.h:90:13:void tflite::reference_ops::Div(const tflite::ArithmeticParams&, const tflite::RuntimeShape&, const int8_t*, const tflite::RuntimeShape&, const int8_t*, const tflite::RuntimeShape&, int8_t*)	48	static
../Middlewares/tensorflow/tensorflow/lite/kernels/internal/common.h:1013:22:void tflite::CopyDimsToDesc(const RuntimeShape&, NdArrayDesc<N>*) [with int N = 5]	24	static
../Middlewares/tensorflow/tensorflow/lite/kernels/internal/common.h:1024:13:void tflite::NdArrayDescsForElementwiseBroadcast(const RuntimeShape&, const RuntimeShape&, NdArrayDesc<N>*, NdArrayDesc<N>*) [with int N = 5]	88	static
../Middlewares/tensorflow/tensorflow/lite/kernels/internal/reference/div.h:122:19:tflite::reference_ops::BroadcastDivSlowQuantized<signed char, 5>(const tflite::ArithmeticParams&, const tflite::RuntimeShape&, const signed char*, const tflite::RuntimeShape&, const signed char*, const tflite::RuntimeShape&, signed char*)::<lambda(int*)>	40	static
../Middlewares/tensorflow/tensorflow/lite/kernels/internal/reference/div.h:103:13:void tflite::reference_ops::BroadcastDivSlowQuantized(const tflite::ArithmeticParams&, const tflite::RuntimeShape&, const T*, const tflite::RuntimeShape&, const T*, const tflite::RuntimeShape&, T*) [with T = signed char; int N = 5]	200	static
../Middlewares/tensorflow/tensorflow/lite/micro/kernels/div.cc:130:14:TfLiteStatus tflite::{anonymous}::EvalQuantized(TfLiteContext*, TfLiteNode*, TfLiteDivParams*, const OpDataDiv*, const TfLiteEvalTensor*, const TfLiteEvalTensor*, TfLiteEvalTensor*)	232	static
../Middlewares/tensorflow/tensorflow/lite/kernels/internal/common.h:1120:51:typename std::enable_if<(DIM != (N - 1)), void>::type tflite::NDOpsHelperImpl(const NdArrayDesc<N>&, const Calc&, int*) [with int N = 5; int DIM = 3; Calc = reference_ops::BroadcastDivSlow<float>(const tflite::ArithmeticParams&, const tflite::RuntimeShape&, const float*, const tflite::RuntimeShape&, const float*, const tflite::RuntimeShape&, float*)::<lambda(int*)>]	48	static
../Middlewares/tensorflow/tensorflow/lite/micro/kernels/div.cc:100:6:void tflite::{anonymous}::EvalDiv(TfLiteContext*, TfLiteNode*, TfLiteDivParams*, const OpDataDiv*, const TfLiteEvalTensor*, const TfLiteEvalTensor*, TfLiteEvalTensor*)	432	static
../Middlewares/tensorflow/tensorflow/lite/micro/kernels/div.cc:173:14:TfLiteStatus tflite::{anonymous}::Eval(TfLiteContext*, TfLiteNode*)	32	static
