C:\ST\STM32CubeIDE_1.15.0\STM32CubeIDE\plugins\com.st.stm32cube.ide.mcu.externaltools.gnu-tools-for-stm32.12.3.rel1.win32_1.0.200.202406191623\tools\bin/../lib/gcc/arm-none-eabi/12.3.1/../../../../arm-none-eabi/include/c++/12.3.1/bits/std_abs.h:75:3:constexpr float std::abs(float)	0	static
../Middlewares/tensorflow/tensorflow/lite/micro/kernels/elementwise.cc:365:37:static float tflite::{anonymous}::SquareEval(TfLiteContext*, TfLiteNode*)::<lambda(float)>::_FUN(float)	0	static
../Middlewares/tensorflow/tensorflow/lite/micro/kernels/elementwise.cc:234:10:T tflite::{anonymous}::AbsEvalQuantized(TfLiteContext*, TfLiteNode*, T) [with T = short int]	24	static
../Middlewares/tensorflow/tensorflow/lite/micro/kernels/elementwise.cc:234:10:T tflite::{anonymous}::AbsEvalQuantized(TfLiteContext*, TfLiteNode*, T) [with T = signed char]	24	static
C:\ST\STM32CubeIDE_1.15.0\STM32CubeIDE\plugins\com.st.stm32cube.ide.mcu.externaltools.gnu-tools-for-stm32.12.3.rel1.win32_1.0.200.202406191623\tools\bin/../lib/gcc/arm-none-eabi/12.3.1/../../../../arm-none-eabi/include/c++/12.3.1/cmath:425:3:constexpr float std::sin(float)	0	static
C:\ST\STM32CubeIDE_1.15.0\STM32CubeIDE\plugins\com.st.stm32cube.ide.mcu.externaltools.gnu-tools-for-stm32.12.3.rel1.win32_1.0.200.202406191623\tools\bin/../lib/gcc/arm-none-eabi/12.3.1/../../../../arm-none-eabi/include/c++/12.3.1/cmath:184:3:constexpr float std::cos(float)	0	static
C:\ST\STM32CubeIDE_1.15.0\STM32CubeIDE\plugins\com.st.stm32cube.ide.mcu.externaltools.gnu-tools-for-stm32.12.3.rel1.win32_1.0.200.202406191623\tools\bin/../lib/gcc/arm-none-eabi/12.3.1/../../../../arm-none-eabi/include/c++/12.3.1/cmath:338:3:constexpr float std::log(float)	0	static
C:\ST\STM32CubeIDE_1.15.0\STM32CubeIDE\plugins\com.st.stm32cube.ide.mcu.externaltools.gnu-tools-for-stm32.12.3.rel1.win32_1.0.200.202406191623\tools\bin/../lib/gcc/arm-none-eabi/12.3.1/../../../../arm-none-eabi/include/c++/12.3.1/cmath:463:3:constexpr float std::sqrt(float)	0	static
../Middlewares/tensorflow/tensorflow/lite/micro/kernels/elementwise.cc:348:26:static float tflite::{anonymous}::RsqrtEval(TfLiteContext*, TfLiteNode*)::<lambda(float)>::_FUN(float)	8	static
../Middlewares/tensorflow/tensorflow/lite/micro/kernels/elementwise.cc:283:14:TfLiteStatus tflite::{anonymous}::validate_input_func(TfLiteContext*, TfLiteNode*, T) [with T = signed char]	8	static
../Middlewares/tensorflow/tensorflow/lite/micro/kernels/elementwise.cc:103:14:TfLiteStatus tflite::{anonymous}::PrepareAbsRsqrt(TfLiteContext*, TfLiteNode*) [with bool (* <anonymous>)(TfLiteType) = IsRsqrtSupportedType; int op_nameid = 1]	48	static
../Middlewares/tensorflow/tensorflow/lite/micro/kernels/elementwise.cc:283:14:TfLiteStatus tflite::{anonymous}::validate_input_func(TfLiteContext*, TfLiteNode*, T) [with T = short int]	8	static
../Middlewares/tensorflow/tensorflow/lite/micro/kernels/elementwise.cc:103:14:TfLiteStatus tflite::{anonymous}::PrepareAbsRsqrt(TfLiteContext*, TfLiteNode*) [with bool (* <anonymous>)(TfLiteType) = IsAbsSupportedType; int op_nameid = 0]	40	static
../Middlewares/tensorflow/tensorflow/lite/micro/kernels/elementwise.cc:79:14:TfLiteStatus tflite::{anonymous}::GenericPrepare(TfLiteContext*, TfLiteNode*) [with bool (* <anonymous>)(TfLiteType) = IsNumericSupportedType]	40	static
../Middlewares/tensorflow/tensorflow/lite/micro/kernels/elementwise.cc:79:14:TfLiteStatus tflite::{anonymous}::GenericPrepare(TfLiteContext*, TfLiteNode*) [with bool (* <anonymous>)(TfLiteType) = IsLogicalSupportedType]	0	static
../Middlewares/tensorflow/third_party/gemmlowp/fixedpoint/fixedpoint.h:329:21:IntegerType gemmlowp::SaturatingRoundingDoublingHighMul(IntegerType, IntegerType) [with IntegerType = long int]	0	static
../Middlewares/tensorflow/tensorflow/lite/kernels/op_macros.h:24:13:void AbortImpl()	8	static
../Middlewares/tensorflow/tensorflow/lite/micro/kernels/elementwise.cc:227:7:void* tflite::{anonymous}::ElementWiseAbsRsqrtInit(TfLiteContext*, const char*, size_t)	8	static
../Middlewares/tensorflow/tensorflow/lite/micro/kernels/elementwise.cc:196:21:TfLiteStatus tflite::{anonymous}::EvalImpl(TfLiteContext*, TfLiteNode*, T (*)(T), TfLiteStatus (*)(T), TfLiteType) [with T = float]	40	static
../Middlewares/tensorflow/tensorflow/lite/micro/kernels/elementwise.cc:214:21:TfLiteStatus tflite::{anonymous}::EvalNumeric(TfLiteContext*, TfLiteNode*, float (*)(float))	0	static
../Middlewares/tensorflow/tensorflow/lite/micro/kernels/elementwise.cc:326:14:TfLiteStatus tflite::{anonymous}::SinEval(TfLiteContext*, TfLiteNode*)	0	static
../Middlewares/tensorflow/tensorflow/lite/micro/kernels/elementwise.cc:330:14:TfLiteStatus tflite::{anonymous}::CosEval(TfLiteContext*, TfLiteNode*)	0	static
../Middlewares/tensorflow/tensorflow/lite/micro/kernels/elementwise.cc:334:14:TfLiteStatus tflite::{anonymous}::LogEval(TfLiteContext*, TfLiteNode*)	0	static
../Middlewares/tensorflow/tensorflow/lite/micro/kernels/elementwise.cc:338:14:TfLiteStatus tflite::{anonymous}::SqrtEval(TfLiteContext*, TfLiteNode*)	0	static
../Middlewares/tensorflow/tensorflow/lite/micro/kernels/elementwise.cc:364:14:TfLiteStatus tflite::{anonymous}::SquareEval(TfLiteContext*, TfLiteNode*)	0	static
../Middlewares/tensorflow/tensorflow/lite/micro/kernels/elementwise.cc:368:14:TfLiteStatus tflite::{anonymous}::LogicalNotEval(TfLiteContext*, TfLiteNode*)	32	static
../Middlewares/tensorflow/tensorflow/lite/micro/kernels/elementwise.cc:169:21:TfLiteStatus tflite::{anonymous}::EvalImplQuantized(TfLiteContext*, TfLiteNode*, T (*)(TfLiteContext*, TfLiteNode*, T), TfLiteStatus (*)(TfLiteContext*, TfLiteNode*, T), TfLiteType) [with T = signed char]	56	static
../Middlewares/tensorflow/tensorflow/lite/micro/kernels/elementwise.cc:169:21:TfLiteStatus tflite::{anonymous}::EvalImplQuantized(TfLiteContext*, TfLiteNode*, T (*)(TfLiteContext*, TfLiteNode*, T), TfLiteStatus (*)(TfLiteContext*, TfLiteNode*, T), TfLiteType) [with T = short int]	56	static
../Middlewares/tensorflow/tensorflow/lite/micro/kernels/elementwise.cc:342:14:TfLiteStatus tflite::{anonymous}::RsqrtEval(TfLiteContext*, TfLiteNode*)	8	static
../Middlewares/tensorflow/tensorflow/lite/micro/kernels/elementwise.cc:292:14:TfLiteStatus tflite::{anonymous}::AbsEval(TfLiteContext*, TfLiteNode*)	40	static
../Middlewares/tensorflow/tensorflow/lite/kernels/internal/common.h:846:13:void tflite::GetInvSqrtQuantizedMultiplierExp(int32_t, int, int32_t*, int*)	40	static
../Middlewares/tensorflow/tensorflow/lite/micro/kernels/elementwise.cc:256:10:T tflite::{anonymous}::RsqrtEvalQuantized(TfLiteContext*, TfLiteNode*, T) [with T = short int]	32	static
../Middlewares/tensorflow/tensorflow/lite/micro/kernels/elementwise.cc:256:10:T tflite::{anonymous}::RsqrtEvalQuantized(TfLiteContext*, TfLiteNode*, T) [with T = signed char]	32	static
../Middlewares/tensorflow/tensorflow/lite/micro/kernels/elementwise.cc:374:23:TfLiteRegistration_V1 tflite::Register_ABS()	16	static
../Middlewares/tensorflow/tensorflow/lite/micro/kernels/elementwise.cc:380:23:TfLiteRegistration_V1 tflite::Register_SIN()	16	static
../Middlewares/tensorflow/tensorflow/lite/micro/kernels/elementwise.cc:385:23:TfLiteRegistration_V1 tflite::Register_COS()	16	static
../Middlewares/tensorflow/tensorflow/lite/micro/kernels/elementwise.cc:390:23:TfLiteRegistration_V1 tflite::Register_LOG()	16	static
../Middlewares/tensorflow/tensorflow/lite/micro/kernels/elementwise.cc:395:23:TfLiteRegistration_V1 tflite::Register_SQRT()	16	static
../Middlewares/tensorflow/tensorflow/lite/micro/kernels/elementwise.cc:400:23:TfLiteRegistration_V1 tflite::Register_RSQRT()	16	static
../Middlewares/tensorflow/tensorflow/lite/micro/kernels/elementwise.cc:406:23:TfLiteRegistration_V1 tflite::Register_SQUARE()	16	static
../Middlewares/tensorflow/tensorflow/lite/micro/kernels/elementwise.cc:411:23:TfLiteRegistration_V1 tflite::Register_LOGICAL_NOT()	16	static
