../Middlewares/tensorflow/tensorflow/lite/kernels/op_macros.h:24:13:void AbortImpl()	8	static
../Middlewares/tensorflow/tensorflow/lite/kernels/internal/reference/floor.h:26:13:void tflite::reference_ops::Floor(const tflite::RuntimeShape&, const float*, const tflite::RuntimeShape&, float*)	24	static
../Middlewares/tensorflow/tensorflow/lite/micro/kernels/floor.cc:29:14:TfLiteStatus tflite::{anonymous}::Eval(TfLiteContext*, TfLiteNode*)	88	static
../Middlewares/tensorflow/tensorflow/lite/micro/kernels/floor.cc:44:23:TfLiteRegistration_V1 tflite::Register_FLOOR()	16	static
