../Middlewares/tensorflow/third_party/gemmlowp/fixedpoint/fixedpoint.h:342:21:IntegerType gemmlowp::SaturatingRoundingDoublingHighMul(IntegerType, IntegerType) [with IntegerType = short int]	0	static
../Middlewares/tensorflow/tensorflow/lite/kernels/op_macros.h:24:13:void AbortImpl()	8	static
../Middlewares/tensorflow/tensorflow/lite/micro/kernels/hard_swish.cc:33:7:void* tflite::{anonymous}::HardSwishInit(TfLiteContext*, const char*, size_t)	8	static
../Middlewares/tensorflow/tensorflow/lite/kernels/internal/types.h:312:12:int tflite::MatchingFlatSize(const RuntimeShape&, const RuntimeShape&)	16	static
../Middlewares/tensorflow/tensorflow/lite/kernels/internal/reference/hard_swish.h:27:16:int16_t tflite::reference_ops::SaturatingLeftShift(int16_t, int)	0	static
../Middlewares/tensorflow/tensorflow/lite/micro/kernels/hard_swish.cc:70:23:TfLiteRegistration_V1 tflite::Register_HARD_SWISH()	16	static
../Middlewares/tensorflow/third_party/gemmlowp/fixedpoint/fixedpoint.h:357:20:IntegerType gemmlowp::RoundingDivideByPOT(IntegerType, int) [with IntegerType = short int]	8	static
../Middlewares/tensorflow/tensorflow/lite/kernels/internal/reference/hard_swish.h:61:13:void tflite::reference_ops::HardSwish(const tflite::HardSwishParams&, const tflite::RuntimeShape&, const T*, const tflite::RuntimeShape&, T*) [with T = signed char]	48	static
../Middlewares/tensorflow/tensorflow/lite/micro/kernels/hard_swish.cc:38:14:TfLiteStatus tflite::{anonymous}::HardSwishEval(TfLiteContext*, TfLiteNode*)	136	static
