../Middlewares/tensorflow/tensorflow/lite/micro/micro_context.h:155:14:void* tflite::MicroContextAllocatePersistentBuffer(TfLiteContext*, size_t)	0	static
../Middlewares/tensorflow/tensorflow/lite/micro/micro_context.h:159:21:TfLiteStatus tflite::MicroContextRequestScratchBufferInArena(TfLiteContext*, size_t, int*)	0	static
../Middlewares/tensorflow/tensorflow/lite/micro/micro_context.h:164:14:void* tflite::MicroContextGetScratchBuffer(TfLiteContext*, int)	0	static
../Middlewares/tensorflow/tensorflow/lite/micro/micro_context.h:167:22:TfLiteTensor* tflite::MicroContextGetTensor(const TfLiteContext*, int)	0	static
../Middlewares/tensorflow/tensorflow/lite/micro/micro_context.h:171:26:TfLiteEvalTensor* tflite::MicroContextGetEvalTensor(const TfLiteContext*, int)	0	static
../Middlewares/tensorflow/tensorflow/lite/micro/micro_context.h:175:31:TfLiteExternalContext* tflite::MicroContextGetExternalContext(TfLiteContext*, TfLiteExternalContextType)	0	static
../Middlewares/tensorflow/tensorflow/lite/micro/kernels/kernel_runner.cc:30:6:void tflite::micro::ClearBufferApi(TfLiteContext*)	0	static
../Middlewares/tensorflow/tensorflow/lite/micro/kernels/kernel_runner.cc:37:1:tflite::micro::KernelRunner::KernelRunner(const TfLiteRegistration_V1&, TfLiteTensor*, int, TfLiteIntArray*, TfLiteIntArray*, void*, TfLiteIntArray*)	24	static
../Middlewares/tensorflow/tensorflow/lite/micro/kernels/kernel_runner.cc:64:6:bool tflite::micro::KernelRunner::ValidateTempBufferDeallocated()	0	static
../Middlewares/tensorflow/tensorflow/lite/micro/kernels/kernel_runner.cc:68:14:TfLiteStatus tflite::micro::KernelRunner::InitAndPrepare(const char*, size_t)	24	static
../Middlewares/tensorflow/tensorflow/lite/micro/kernels/kernel_runner.cc:92:14:TfLiteStatus tflite::micro::KernelRunner::Invoke()	24	static
../Middlewares/tensorflow/tensorflow/lite/micro/kernels/kernel_runner.cc:108:14:TfLiteStatus tflite::micro::KernelRunner::Free()	8	static
