../Middlewares/tensorflow/tensorflow/lite/micro/kernels/maximum_minimum.cc:54:20:static data_type tflite::{anonymous}::MaximumOp::op(data_type, data_type) [with data_type = float]	0	static
../Middlewares/tensorflow/tensorflow/lite/micro/kernels/maximum_minimum.cc:54:20:static data_type tflite::{anonymous}::MaximumOp::op(data_type, data_type) [with data_type = signed char]	0	static
../Middlewares/tensorflow/tensorflow/lite/micro/kernels/maximum_minimum.cc:54:20:static data_type tflite::{anonymous}::MaximumOp::op(data_type, data_type) [with data_type = long int]	0	static
../Middlewares/tensorflow/tensorflow/lite/micro/kernels/maximum_minimum.cc:54:20:static data_type tflite::{anonymous}::MaximumOp::op(data_type, data_type) [with data_type = long long int]	12	static
../Middlewares/tensorflow/tensorflow/lite/micro/kernels/maximum_minimum.cc:61:20:static data_type tflite::{anonymous}::MinimumOp::op(data_type, data_type) [with data_type = float]	0	static
../Middlewares/tensorflow/tensorflow/lite/micro/kernels/maximum_minimum.cc:61:20:static data_type tflite::{anonymous}::MinimumOp::op(data_type, data_type) [with data_type = signed char]	0	static
../Middlewares/tensorflow/tensorflow/lite/micro/kernels/maximum_minimum.cc:61:20:static data_type tflite::{anonymous}::MinimumOp::op(data_type, data_type) [with data_type = long int]	0	static
../Middlewares/tensorflow/tensorflow/lite/micro/kernels/maximum_minimum.cc:61:20:static data_type tflite::{anonymous}::MinimumOp::op(data_type, data_type) [with data_type = long long int]	12	static
../Middlewares/tensorflow/tensorflow/lite/micro/kernels/maximum_minimum.cc:42:3:tflite::{anonymous}::OpContext::OpContext(TfLiteContext*, TfLiteNode*)	16	static
../Middlewares/tensorflow/tensorflow/lite/kernels/op_macros.h:24:13:void AbortImpl()	8	static
../Middlewares/tensorflow/tensorflow/lite/kernels/internal/runtime_shape.h:56:8:bool tflite::RuntimeShape::operator==(const tflite::RuntimeShape&) const	8	static
../Middlewares/tensorflow/tensorflow/lite/kernels/internal/runtime_shape.h:65:11:int32_t tflite::RuntimeShape::Dims(int) const	8	static
../Middlewares/tensorflow/tensorflow/lite/kernels/internal/runtime_shape.h:94:7:int tflite::RuntimeShape::FlatSize() const	8	static
../Middlewares/tensorflow/tensorflow/lite/kernels/internal/runtime_shape.h:107:3:tflite::RuntimeShape::RuntimeShape(int, const tflite::RuntimeShape&, int)	24	static
../Middlewares/tensorflow/tensorflow/lite/kernels/internal/types.h:299:12:int tflite::MatchingElementsSize(const RuntimeShape&, const RuntimeShape&, const RuntimeShape&)	16	static
../Middlewares/tensorflow/tensorflow/lite/kernels/internal/common.h:941:12:int tflite::SubscriptToIndex(const NdArrayDesc<5>&, int*)	12	static
../Middlewares/tensorflow/tensorflow/lite/micro/kernels/maximum_minimum.cc:112:23:TfLiteRegistration_V1 tflite::Register_MAXIMUM()	16	static
../Middlewares/tensorflow/tensorflow/lite/micro/kernels/maximum_minimum.cc:117:23:TfLiteRegistration_V1 tflite::Register_MINIMUM()	16	static
../Middlewares/tensorflow/tensorflow/lite/kernels/internal/common.h:1013:22:void tflite::CopyDimsToDesc(const RuntimeShape&, NdArrayDesc<N>*) [with int N = 5]	24	static
../Middlewares/tensorflow/tensorflow/lite/kernels/internal/common.h:1024:13:void tflite::NdArrayDescsForElementwiseBroadcast(const RuntimeShape&, const RuntimeShape&, NdArrayDesc<N>*, NdArrayDesc<N>*) [with int N = 5]	88	static
../Middlewares/tensorflow/tensorflow/lite/kernels/internal/common.h:1120:51:typename std::enable_if<(DIM != (N - 1)), void>::type tflite::NDOpsHelperImpl(const NdArrayDesc<N>&, const Calc&, int*) [with int N = 5; int DIM = 3; Calc = reference_ops::MaximumMinimumBroadcastSlow<float, float (*)(float, float)>(const tflite::RuntimeShape&, const float*, const tflite::RuntimeShape&, const float*, const tflite::RuntimeShape&, float*, float (*)(float, float))::<lambda(int*)>]	32	static
../Middlewares/tensorflow/tensorflow/lite/kernels/internal/reference/maximum_minimum.h:25:6:void tflite::reference_ops::MaximumMinimumBroadcastSlow(const tflite::RuntimeShape&, const T*, const tflite::RuntimeShape&, const T*, const tflite::RuntimeShape&, T*, Op) [with T = float; Op = float (*)(float, float); int N = 5]	208	static
../Middlewares/tensorflow/tensorflow/lite/kernels/internal/common.h:1120:51:typename std::enable_if<(DIM != (N - 1)), void>::type tflite::NDOpsHelperImpl(const NdArrayDesc<N>&, const Calc&, int*) [with int N = 5; int DIM = 3; Calc = reference_ops::MaximumMinimumBroadcastSlow<signed char, signed char (*)(signed char, signed char)>(const tflite::RuntimeShape&, const signed char*, const tflite::RuntimeShape&, const signed char*, const tflite::RuntimeShape&, signed char*, signed char (*)(signed char, signed char))::<lambda(int*)>]	40	static
../Middlewares/tensorflow/tensorflow/lite/kernels/internal/reference/maximum_minimum.h:25:6:void tflite::reference_ops::MaximumMinimumBroadcastSlow(const tflite::RuntimeShape&, const T*, const tflite::RuntimeShape&, const T*, const tflite::RuntimeShape&, T*, Op) [with T = signed char; Op = signed char (*)(signed char, signed char); int N = 5]	208	static
../Middlewares/tensorflow/tensorflow/lite/kernels/internal/common.h:1120:51:typename std::enable_if<(DIM != (N - 1)), void>::type tflite::NDOpsHelperImpl(const NdArrayDesc<N>&, const Calc&, int*) [with int N = 5; int DIM = 3; Calc = reference_ops::MaximumMinimumBroadcastSlow<long int, long int (*)(long int, long int)>(const tflite::RuntimeShape&, const long int*, const tflite::RuntimeShape&, const long int*, const tflite::RuntimeShape&, long int*, long int (*)(long int, long int))::<lambda(int*)>]	40	static
../Middlewares/tensorflow/tensorflow/lite/kernels/internal/reference/maximum_minimum.h:25:6:void tflite::reference_ops::MaximumMinimumBroadcastSlow(const tflite::RuntimeShape&, const T*, const tflite::RuntimeShape&, const T*, const tflite::RuntimeShape&, T*, Op) [with T = long int; Op = long int (*)(long int, long int); int N = 5]	208	static
../Middlewares/tensorflow/tensorflow/lite/kernels/internal/common.h:1120:51:typename std::enable_if<(DIM != (N - 1)), void>::type tflite::NDOpsHelperImpl(const NdArrayDesc<N>&, const Calc&, int*) [with int N = 5; int DIM = 3; Calc = reference_ops::MaximumMinimumBroadcastSlow<long long int, long long int (*)(long long int, long long int)>(const tflite::RuntimeShape&, const long long int*, const tflite::RuntimeShape&, const long long int*, const tflite::RuntimeShape&, long long int*, long long int (*)(long long int, long long int))::<lambda(int*)>]	40	static
../Middlewares/tensorflow/tensorflow/lite/kernels/internal/reference/maximum_minimum.h:25:6:void tflite::reference_ops::MaximumMinimumBroadcastSlow(const tflite::RuntimeShape&, const T*, const tflite::RuntimeShape&, const T*, const tflite::RuntimeShape&, T*, Op) [with T = long long int; Op = long long int (*)(long long int, long long int); int N = 5]	208	static
../Middlewares/tensorflow/tensorflow/lite/micro/kernels/maximum_minimum.cc:80:14:TfLiteStatus tflite::{anonymous}::Eval(TfLiteContext*, TfLiteNode*) [with KernelType kernel_type = tflite::<unnamed>::kReference; OpType = MinimumOp]	304	static
../Middlewares/tensorflow/tensorflow/lite/micro/kernels/maximum_minimum.cc:80:14:TfLiteStatus tflite::{anonymous}::Eval(TfLiteContext*, TfLiteNode*) [with KernelType kernel_type = tflite::<unnamed>::kReference; OpType = MaximumOp]	304	static
