../Middlewares/tensorflow/tensorflow/lite/kernels/op_macros.h:24:13:void AbortImpl()	8	static
../Middlewares/tensorflow/tensorflow/lite/micro/kernels/pad.cc:36:7:void* tflite::{anonymous}::Init(TfLiteContext*, const char*, size_t)	8	static
../Middlewares/tensorflow/tensorflow/lite/kernels/internal/runtime_shape.h:94:7:int tflite::RuntimeShape::FlatSize() const	8	static
../Middlewares/tensorflow/tensorflow/lite/micro/kernels/pad.cc:124:14:TfLiteStatus tflite::PadPrepare(TfLiteContext*, TfLiteNode*)	112	static
../Middlewares/tensorflow/tensorflow/lite/kernels/internal/runtime_shape.h:107:3:tflite::RuntimeShape::RuntimeShape(int, const tflite::RuntimeShape&, int)	24	static
../Middlewares/tensorflow/tensorflow/lite/micro/kernels/pad.cc:221:23:TfLiteRegistration_V1 tflite::Register_PAD()	16	static
../Middlewares/tensorflow/tensorflow/lite/micro/kernels/pad.cc:226:23:TfLiteRegistration_V1 tflite::Register_PADV2()	8	static
../Middlewares/tensorflow/tensorflow/lite/kernels/internal/reference/pad.h:38:13:void tflite::reference_ops::PadImpl(const tflite::PadParams&, const tflite::RuntimeShape&, const T*, const P*, const tflite::RuntimeShape&, T*) [with T = long int; P = long int]	192	static
../Middlewares/tensorflow/tensorflow/lite/kernels/internal/reference/pad.h:38:13:void tflite::reference_ops::PadImpl(const tflite::PadParams&, const tflite::RuntimeShape&, const T*, const P*, const tflite::RuntimeShape&, T*) [with T = float; P = float]	192	static
../Middlewares/tensorflow/tensorflow/lite/kernels/internal/reference/pad.h:38:13:void tflite::reference_ops::PadImpl(const tflite::PadParams&, const tflite::RuntimeShape&, const T*, const P*, const tflite::RuntimeShape&, T*) [with T = signed char; P = signed char]	192	static
../Middlewares/tensorflow/tensorflow/lite/kernels/internal/reference/pad.h:38:13:void tflite::reference_ops::PadImpl(const tflite::PadParams&, const tflite::RuntimeShape&, const T*, const P*, const tflite::RuntimeShape&, T*) [with T = short int; P = short int]	192	static
../Middlewares/tensorflow/tensorflow/lite/micro/kernels/pad.cc:41:14:TfLiteStatus tflite::{anonymous}::Eval(TfLiteContext*, TfLiteNode*)	384	static
