../Middlewares/tensorflow/tensorflow/lite/kernels/op_macros.h:24:13:void AbortImpl()	8	static
../Middlewares/tensorflow/tensorflow/lite/kernels/internal/runtime_shape.h:65:11:int32_t tflite::RuntimeShape::Dims(int) const	8	static
../Middlewares/tensorflow/tensorflow/lite/kernels/internal/runtime_shape.h:131:12:int tflite::Offset(const RuntimeShape&, int, int, int, int)	16	static
../Middlewares/tensorflow/tensorflow/lite/kernels/internal/types.h:263:12:int tflite::MatchingDim(const RuntimeShape&, int, const RuntimeShape&, int)	16	static
../Middlewares/tensorflow/tensorflow/lite/kernels/internal/reference/pooling.h:196:13:void tflite::reference_ops::MaxPool(const tflite::PoolParams&, const tflite::RuntimeShape&, const float*, const tflite::RuntimeShape&, float*)	144	static
../Middlewares/tensorflow/tensorflow/lite/kernels/padding.h:44:12:int tflite::ComputeOutSize(TfLitePadding, int, int, int, int)	8	static
../Middlewares/tensorflow/tensorflow/lite/micro/kernels/pooling_common.cc:30:14:TfLiteStatus tflite::CalculateOpDataPooling(const TfLiteContext*, const TfLitePoolParams*, const TfLiteTensor*, const TfLiteTensor*, OpDataPooling*)	56	static
../Middlewares/tensorflow/tensorflow/lite/micro/kernels/pooling_common.cc:50:14:TfLiteStatus tflite::PoolingPrepare(TfLiteContext*, TfLiteNode*)	40	static
../Middlewares/tensorflow/tensorflow/lite/micro/kernels/pooling_common.cc:88:6:void tflite::AveragePoolingEvalFloat(const TfLiteContext*, const TfLiteNode*, const TfLitePoolParams*, const OpDataPooling*, const TfLiteEvalTensor*, TfLiteEvalTensor*)	216	static
../Middlewares/tensorflow/tensorflow/lite/micro/kernels/pooling_common.cc:109:6:void tflite::MaxPoolingEvalFloat(TfLiteContext*, TfLiteNode*, TfLitePoolParams*, const OpDataPooling*, const TfLiteEvalTensor*, TfLiteEvalTensor*)	128	static
