../Middlewares/tensorflow/tensorflow/lite/kernels/op_macros.h:24:13:void AbortImpl()	8	static
../Middlewares/tensorflow/tensorflow/lite/kernels/internal/runtime_shape.h:65:11:int32_t tflite::RuntimeShape::Dims(int) const	8	static
../Middlewares/tensorflow/tensorflow/lite/kernels/internal/runtime_shape.h:107:3:tflite::RuntimeShape::RuntimeShape(int, const tflite::RuntimeShape&, int)	24	static
../Middlewares/tensorflow/tensorflow/lite/kernels/internal/common.h:931:12:int tflite::SubscriptToIndex(const NdArrayDesc<4>&, int, int, int, int)	16	static
../Middlewares/tensorflow/tensorflow/lite/micro/kernels/prelu_common.cc:28:14:TfLiteStatus tflite::CalculatePreluParams(const TfLiteTensor*, const TfLiteTensor*, TfLiteTensor*, PreluParams*)	56	static
../Middlewares/tensorflow/tensorflow/lite/micro/kernels/prelu_common.cc:83:14:TfLiteStatus tflite::PreluPrepare(TfLiteContext*, TfLiteNode*)	40	static
../Middlewares/tensorflow/tensorflow/lite/kernels/internal/common.h:1013:22:void tflite::CopyDimsToDesc(const RuntimeShape&, NdArrayDesc<N>*) [with int N = 4]	24	static
../Middlewares/tensorflow/tensorflow/lite/micro/kernels/prelu_common.cc:50:6:void tflite::BroadcastPrelu4DSlowFloat(const RuntimeShape&, const float*, const RuntimeShape&, const float*, const RuntimeShape&, float*)	240	static
