../Middlewares/tensorflow/tensorflow/lite/kernels/op_macros.h:24:13:void AbortImpl()	8	static
../Middlewares/tensorflow/tensorflow/lite/kernels/internal/types.h:312:12:int tflite::MatchingFlatSize(const RuntimeShape&, const RuntimeShape&)	16	static
../Middlewares/tensorflow/tensorflow/lite/micro/kernels/quantize_common.cc:31:14:TfLiteStatus tflite::PrepareQuantizeReference(TfLiteContext*, TfLiteNode*)	56	static
../Middlewares/tensorflow/tensorflow/lite/micro/kernels/quantize_common.cc:92:14:TfLiteStatus tflite::EvalQuantizeReference(TfLiteContext*, TfLiteNode*)	120	static
