../Middlewares/tensorflow/tensorflow/lite/micro/kernels/reduce.cc:31:7:void* tflite::InitReduce(TfLiteContext*, const char*, size_t)	0	static
../Middlewares/tensorflow/tensorflow/lite/micro/kernels/reduce.cc:35:14:TfLiteStatus tflite::PrepareMax(TfLiteContext*, TfLiteNode*)	0	static
../Middlewares/tensorflow/tensorflow/lite/micro/kernels/reduce.cc:40:14:TfLiteStatus tflite::PrepareMeanOrSum(TfLiteContext*, TfLiteNode*)	0	static
../Middlewares/tensorflow/tensorflow/lite/micro/kernels/reduce.cc:45:14:TfLiteStatus tflite::EvalMean(TfLiteContext*, TfLiteNode*)	0	static
../Middlewares/tensorflow/tensorflow/lite/micro/kernels/reduce.cc:50:14:TfLiteStatus tflite::EvalMax(TfLiteContext*, TfLiteNode*)	0	static
../Middlewares/tensorflow/tensorflow/lite/micro/kernels/reduce.cc:55:14:TfLiteStatus tflite::EvalSum(TfLiteContext*, TfLiteNode*)	0	static
../Middlewares/tensorflow/tensorflow/lite/micro/kernels/reduce.cc:60:23:TfLiteRegistration_V1 tflite::Register_MEAN()	16	static
../Middlewares/tensorflow/tensorflow/lite/micro/kernels/reduce.cc:64:23:TfLiteRegistration_V1 tflite::Register_REDUCE_MAX()	16	static
../Middlewares/tensorflow/tensorflow/lite/micro/kernels/reduce.cc:68:23:TfLiteRegistration_V1 tflite::Register_SUM()	16	static
