../Middlewares/tensorflow/tensorflow/lite/micro/kernels/resize_nearest_neighbor.cc:34:14:TfLiteStatus tflite::{anonymous}::Prepare(TfLiteContext*, TfLiteNode*)	48	static
../Middlewares/tensorflow/tensorflow/lite/kernels/op_macros.h:24:13:void AbortImpl()	8	static
../Middlewares/tensorflow/tensorflow/lite/kernels/internal/runtime_shape.h:65:11:int32_t tflite::RuntimeShape::Dims(int) const	8	static
../Middlewares/tensorflow/tensorflow/lite/kernels/internal/runtime_shape.h:94:7:int tflite::RuntimeShape::FlatSize() const	8	static
../Middlewares/tensorflow/tensorflow/lite/kernels/internal/runtime_shape.h:107:3:tflite::RuntimeShape::RuntimeShape(int, const tflite::RuntimeShape&, int)	24	static
../Middlewares/tensorflow/tensorflow/lite/kernels/internal/types.h:263:12:int tflite::MatchingDim(const RuntimeShape&, int, const RuntimeShape&, int)	16	static
../Middlewares/tensorflow/tensorflow/lite/kernels/internal/reference/resize_nearest_neighbor.h:28:16:int32_t tflite::reference_ops::GetNearestNeighbor(int, int32_t, int32_t, bool, bool)	8	static
../Middlewares/tensorflow/tensorflow/lite/micro/kernels/resize_nearest_neighbor.cc:119:23:TfLiteRegistration_V1 tflite::Register_RESIZE_NEAREST_NEIGHBOR()	16	static
../Middlewares/tensorflow/tensorflow/lite/kernels/internal/reference/resize_nearest_neighbor.h:50:13:void tflite::reference_ops::ResizeNearestNeighbor(const tflite::ResizeNearestNeighborParams&, const tflite::RuntimeShape&, const T*, const tflite::RuntimeShape&, const int32_t*, const tflite::RuntimeShape&, T*) [with T = long int]	144	static
../Middlewares/tensorflow/tensorflow/lite/kernels/internal/reference/resize_nearest_neighbor.h:50:13:void tflite::reference_ops::ResizeNearestNeighbor(const tflite::ResizeNearestNeighborParams&, const tflite::RuntimeShape&, const T*, const tflite::RuntimeShape&, const int32_t*, const tflite::RuntimeShape&, T*) [with T = signed char]	144	static
../Middlewares/tensorflow/tensorflow/lite/kernels/internal/reference/resize_nearest_neighbor.h:50:13:void tflite::reference_ops::ResizeNearestNeighbor(const tflite::ResizeNearestNeighborParams&, const tflite::RuntimeShape&, const T*, const tflite::RuntimeShape&, const int32_t*, const tflite::RuntimeShape&, T*) [with T = short int]	144	static
../Middlewares/tensorflow/tensorflow/lite/micro/kernels/resize_nearest_neighbor.cc:68:14:TfLiteStatus tflite::{anonymous}::Eval(TfLiteContext*, TfLiteNode*)	240	static
