../Middlewares/tensorflow/tensorflow/lite/micro/kernels/round.cc:31:14:TfLiteStatus tflite::ops::micro::round::Prepare(TfLiteContext*, TfLiteNode*)	40	static
../Middlewares/tensorflow/tensorflow/lite/kernels/op_macros.h:24:13:void AbortImpl()	8	static
../Middlewares/tensorflow/tensorflow/lite/micro/kernels/round.cc:55:14:TfLiteStatus tflite::ops::micro::round::Eval(TfLiteContext*, TfLiteNode*)	80	static
../Middlewares/tensorflow/tensorflow/lite/micro/kernels/round.cc:70:23:TfLiteRegistration_V1 tflite::ops::micro::Register_ROUND()	16	static
