../Middlewares/tensorflow/tensorflow/lite/micro/kernels/space_to_depth.cc:36:14:TfLiteStatus tflite::{anonymous}::Prepare(TfLiteContext*, TfLiteNode*)	56	static
../Middlewares/tensorflow/tensorflow/lite/kernels/op_macros.h:24:13:void AbortImpl()	8	static
../Middlewares/tensorflow/tensorflow/lite/kernels/internal/runtime_shape.h:107:3:tflite::RuntimeShape::RuntimeShape(int, const tflite::RuntimeShape&, int)	24	static
../Middlewares/tensorflow/tensorflow/lite/kernels/internal/runtime_shape.h:131:12:int tflite::Offset(const RuntimeShape&, int, int, int, int)	16	static
../Middlewares/tensorflow/tensorflow/lite/micro/kernels/space_to_depth.cc:123:23:TfLiteRegistration_V1 tflite::Register_SPACE_TO_DEPTH()	16	static
../Middlewares/tensorflow/tensorflow/lite/kernels/internal/reference/space_to_depth.h:26:13:void tflite::reference_ops::SpaceToDepth(const tflite::SpaceToDepthParams&, const tflite::RuntimeShape&, const T*, const tflite::RuntimeShape&, T*) [with T = float]	128	static
../Middlewares/tensorflow/tensorflow/lite/kernels/internal/reference/space_to_depth.h:26:13:void tflite::reference_ops::SpaceToDepth(const tflite::SpaceToDepthParams&, const tflite::RuntimeShape&, const T*, const tflite::RuntimeShape&, T*) [with T = signed char]	128	static
../Middlewares/tensorflow/tensorflow/lite/micro/kernels/space_to_depth.cc:88:14:TfLiteStatus tflite::{anonymous}::Eval(TfLiteContext*, TfLiteNode*)	152	static
