../Middlewares/tensorflow/tensorflow/lite/micro/kernels/strided_slice.cc:70:28:tflite::StridedSliceParams tflite::{anonymous}::BuildStridedSliceParams(StridedSliceContext*)	16	static
../Middlewares/tensorflow/tensorflow/lite/kernels/op_macros.h:24:13:void AbortImpl()	8	static
../Middlewares/tensorflow/tensorflow/lite/micro/kernels/strided_slice.cc:129:7:void* tflite::{anonymous}::Init(TfLiteContext*, const char*, size_t)	8	static
../Middlewares/tensorflow/tensorflow/lite/kernels/internal/runtime_shape.h:65:11:int32_t tflite::RuntimeShape::Dims(int) const	8	static
../Middlewares/tensorflow/tensorflow/lite/kernels/internal/runtime_shape.h:107:3:tflite::RuntimeShape::RuntimeShape(int, const tflite::RuntimeShape&, int)	24	static
../Middlewares/tensorflow/tensorflow/lite/kernels/internal/strided_slice_logic.h:29:12:int tflite::strided_slice::Clamp(int, int, int)	8	static
../Middlewares/tensorflow/tensorflow/lite/micro/kernels/strided_slice.cc:134:14:TfLiteStatus tflite::{anonymous}::Prepare(TfLiteContext*, TfLiteNode*)	344	static
../Middlewares/tensorflow/tensorflow/lite/kernels/internal/strided_slice_logic.h:36:13:void tflite::strided_slice::StridedSlicePadIndices(tflite::StridedSliceParams*, int)	24	static
../Middlewares/tensorflow/tensorflow/lite/kernels/internal/strided_slice_logic.h:75:12:int tflite::strided_slice::StridedSliceStartForAxis(const tflite::StridedSliceParams&, const tflite::RuntimeShape&, int32_t)	16	static
../Middlewares/tensorflow/tensorflow/lite/kernels/internal/strided_slice_logic.h:100:12:int tflite::strided_slice::StridedSliceEndForAxis(const tflite::StridedSliceParams&, const tflite::RuntimeShape&, int, int)	24	static
../Middlewares/tensorflow/tensorflow/lite/micro/kernels/strided_slice.cc:203:23:TfLiteRegistration_V1 tflite::Register_STRIDED_SLICE()	16	static
../Middlewares/tensorflow/tensorflow/lite/kernels/internal/reference/strided_slice.h:30:13:void tflite::reference_ops::StridedSlice(const tflite::StridedSliceParams&, const tflite::RuntimeShape&, const tflite::RuntimeShape&, tflite::SequentialTensorWriter<T>*) [with T = float]	240	static
../Middlewares/tensorflow/tensorflow/lite/kernels/internal/reference/strided_slice.h:30:13:void tflite::reference_ops::StridedSlice(const tflite::StridedSliceParams&, const tflite::RuntimeShape&, const tflite::RuntimeShape&, tflite::SequentialTensorWriter<T>*) [with T = signed char]	232	static
../Middlewares/tensorflow/tensorflow/lite/kernels/internal/reference/strided_slice.h:30:13:void tflite::reference_ops::StridedSlice(const tflite::StridedSliceParams&, const tflite::RuntimeShape&, const tflite::RuntimeShape&, tflite::SequentialTensorWriter<T>*) [with T = short int]	240	static
../Middlewares/tensorflow/tensorflow/lite/kernels/internal/reference/strided_slice.h:30:13:void tflite::reference_ops::StridedSlice(const tflite::StridedSliceParams&, const tflite::RuntimeShape&, const tflite::RuntimeShape&, tflite::SequentialTensorWriter<T>*) [with T = long int]	240	static
../Middlewares/tensorflow/tensorflow/lite/kernels/internal/reference/strided_slice.h:30:13:void tflite::reference_ops::StridedSlice(const tflite::StridedSliceParams&, const tflite::RuntimeShape&, const tflite::RuntimeShape&, tflite::SequentialTensorWriter<T>*) [with T = bool]	232	static
../Middlewares/tensorflow/tensorflow/lite/micro/kernels/strided_slice.cc:148:14:TfLiteStatus tflite::{anonymous}::Eval(TfLiteContext*, TfLiteNode*)	192	static
