../Middlewares/tensorflow/tensorflow/lite/kernels/op_macros.h:24:13:void AbortImpl()	8	static
../Middlewares/tensorflow/tensorflow/lite/micro/kernels/sub.cc:34:7:void* tflite::SubInit(TfLiteContext*, const char*, size_t)	8	static
../Middlewares/tensorflow/tensorflow/lite/kernels/internal/runtime_shape.h:65:11:int32_t tflite::RuntimeShape::Dims(int) const	8	static
../Middlewares/tensorflow/tensorflow/lite/kernels/internal/runtime_shape.h:94:7:int tflite::RuntimeShape::FlatSize() const	8	static
../Middlewares/tensorflow/tensorflow/lite/kernels/internal/runtime_shape.h:107:3:tflite::RuntimeShape::RuntimeShape(int, const tflite::RuntimeShape&, int)	24	static
../Middlewares/tensorflow/tensorflow/lite/kernels/internal/types.h:299:12:int tflite::MatchingElementsSize(const RuntimeShape&, const RuntimeShape&, const RuntimeShape&)	16	static
../Middlewares/tensorflow/tensorflow/lite/kernels/internal/common.h:239:16:int32_t tflite::MultiplyByQuantizedMultiplierSmallerThanOneExp(int32_t, int32_t, int)	8	static
../Middlewares/tensorflow/tensorflow/lite/kernels/internal/common.h:941:12:int tflite::SubscriptToIndex(const NdArrayDesc<5>&, int*)	12	static
../Middlewares/tensorflow/tensorflow/lite/kernels/internal/reference/process_broadcast_shapes.h:40:13:bool tflite::reference_ops::ProcessBroadcastShapes(const tflite::RuntimeShape&, const tflite::RuntimeShape&, tflite::ArithmeticParams*)	88	static
../Middlewares/tensorflow/tensorflow/lite/kernels/internal/reference/sub.h:369:13:void tflite::reference_ops::Sub(const tflite::ArithmeticParams&, const tflite::RuntimeShape&, const int8_t*, const tflite::RuntimeShape&, const int8_t*, const tflite::RuntimeShape&, int8_t*)	40	static
../Middlewares/tensorflow/tensorflow/lite/micro/kernels/sub.cc:164:23:TfLiteRegistration_V1 tflite::Register_SUB()	16	static
../Middlewares/tensorflow/tensorflow/lite/kernels/internal/reference/sub.h:297:19:tflite::reference_ops::BroadcastQuantSubSlow<signed char>(const tflite::ArithmeticParams&, const tflite::RuntimeShape&, const signed char*, const tflite::RuntimeShape&, const signed char*, const tflite::RuntimeShape&, signed char*)::<lambda(int*)>	32	static
../Middlewares/tensorflow/tensorflow/lite/kernels/internal/reference/sub.h:297:19:tflite::reference_ops::BroadcastQuantSubSlow<short int>(const tflite::ArithmeticParams&, const tflite::RuntimeShape&, const short int*, const tflite::RuntimeShape&, const short int*, const tflite::RuntimeShape&, short int*)::<lambda(int*)>	32	static
../Middlewares/tensorflow/tensorflow/lite/kernels/internal/common.h:1013:22:void tflite::CopyDimsToDesc(const RuntimeShape&, NdArrayDesc<N>*) [with int N = 5]	24	static
../Middlewares/tensorflow/tensorflow/lite/kernels/internal/common.h:1024:13:void tflite::NdArrayDescsForElementwiseBroadcast(const RuntimeShape&, const RuntimeShape&, NdArrayDesc<N>*, NdArrayDesc<N>*) [with int N = 5]	88	static
../Middlewares/tensorflow/tensorflow/lite/kernels/internal/reference/sub.h:269:6:void tflite::reference_ops::BroadcastQuantSubSlow(const tflite::ArithmeticParams&, const tflite::RuntimeShape&, const T*, const tflite::RuntimeShape&, const T*, const tflite::RuntimeShape&, T*) [with T = signed char; int N = 5]	200	static
../Middlewares/tensorflow/tensorflow/lite/kernels/internal/reference/sub.h:269:6:void tflite::reference_ops::BroadcastQuantSubSlow(const tflite::ArithmeticParams&, const tflite::RuntimeShape&, const T*, const tflite::RuntimeShape&, const T*, const tflite::RuntimeShape&, T*) [with T = short int; int N = 5]	200	static
../Middlewares/tensorflow/tensorflow/lite/micro/kernels/sub.cc:66:14:TfLiteStatus tflite::EvalSubQuantized(TfLiteContext*, TfLiteNode*, TfLiteSubParams*, const OpDataSub*, const TfLiteEvalTensor*, const TfLiteEvalTensor*, TfLiteEvalTensor*)	456	static
../Middlewares/tensorflow/tensorflow/lite/kernels/internal/common.h:1120:51:typename std::enable_if<(DIM != (N - 1)), void>::type tflite::NDOpsHelperImpl(const NdArrayDesc<N>&, const Calc&, int*) [with int N = 5; int DIM = 3; Calc = reference_ops::BroadcastSubSlow<>(const tflite::ArithmeticParams&, const tflite::RuntimeShape&, const float*, const tflite::RuntimeShape&, const float*, const tflite::RuntimeShape&, float*)::<lambda(int*)>]	48	static
../Middlewares/tensorflow/tensorflow/lite/micro/kernels/sub.cc:39:6:void tflite::EvalSub(TfLiteContext*, TfLiteNode*, TfLiteSubParams*, const OpDataSub*, const TfLiteEvalTensor*, const TfLiteEvalTensor*, TfLiteEvalTensor*)	400	static
../Middlewares/tensorflow/tensorflow/lite/micro/kernels/sub.cc:137:14:TfLiteStatus tflite::SubEval(TfLiteContext*, TfLiteNode*)	48	static
