../Middlewares/tensorflow/tensorflow/lite/kernels/op_macros.h:24:13:void AbortImpl()	8	static
../Middlewares/tensorflow/tensorflow/lite/micro/kernels/activation_utils.h:32:14:float tflite::ops::micro::ActivationValFloat(TfLiteFusedActivation, float)	8	static
../Middlewares/tensorflow/tensorflow/lite/micro/kernels/svdf_common.cc:200:6:void tflite::EvalInt16SvdfReference(TfLiteContext*, TfLiteNode*, const TfLiteEvalTensor*, const TfLiteEvalTensor*, const TfLiteEvalTensor*, const TfLiteEvalTensor*, const TfLiteSVDFParams*, TfLiteEvalTensor*, TfLiteEvalTensor*, const OpDataSvdf&)	88	static
../Middlewares/tensorflow/tensorflow/lite/micro/kernels/svdf_common.cc:214:6:void tflite::EvalInt8SvdfReference(TfLiteContext*, TfLiteNode*, const TfLiteEvalTensor*, const TfLiteEvalTensor*, const TfLiteEvalTensor*, const TfLiteEvalTensor*, const TfLiteSVDFParams*, TfLiteEvalTensor*, TfLiteEvalTensor*, const OpDataSvdf&)	88	static
../Middlewares/tensorflow/tensorflow/lite/micro/kernels/svdf_common.cc:289:6:void tflite::EvalFloatSvdfReference(TfLiteContext*, TfLiteNode*, const TfLiteEvalTensor*, const TfLiteEvalTensor*, const TfLiteEvalTensor*, const TfLiteEvalTensor*, const TfLiteSVDFParams*, int, TfLiteEvalTensor*, TfLiteEvalTensor*)	88	static
../Middlewares/tensorflow/tensorflow/lite/micro/kernels/svdf_common.cc:363:14:TfLiteStatus tflite::PrepareSvdf(TfLiteContext*, TfLiteNode*)	112	static
