../Middlewares/tensorflow/tensorflow/lite/micro/kernels/zeros_like.cc:28:14:TfLiteStatus tflite::{anonymous}::Prepare(TfLiteContext*, TfLiteNode*)	40	static
../Middlewares/tensorflow/tensorflow/lite/kernels/op_macros.h:24:13:void AbortImpl()	8	static
../Middlewares/tensorflow/tensorflow/lite/micro/kernels/zeros_like.cc:53:14:TfLiteStatus tflite::{anonymous}::Eval(TfLiteContext*, TfLiteNode*)	80	static
../Middlewares/tensorflow/tensorflow/lite/micro/kernels/zeros_like.cc:84:23:TfLiteRegistration_V1 tflite::Register_ZEROS_LIKE()	16	static
