../ov5640/ov5640.c:477:9:OV5640_DeInit	0	static
../ov5640/ov5640.c:701:9:OV5640_GetPixelFormat	0	static
../ov5640/ov5640.c:1049:9:OV5640_GetCapabilities	0	static
../ov5640/ov5640.c:2209:16:OV5640_ReadRegWrap	4	static
../ov5640/ov5640.c:2224:16:OV5640_WriteRegWrap	4	static
../ov5640/ov5640.c:715:9:OV5640_SetResolution	24	static
../ov5640/ov5640.c:1082:9:OV5640_SetLightMode	24	static
../ov5640/ov5640.c:1245:9:OV5640_SetColorEffect	24	static
../ov5640/ov5640.c:1428:9:OV5640_SetBrightness	32	static
../ov5640/ov5640.c:1480:9:OV5640_SetSaturation	32	static
../ov5640/ov5640.c:1526:9:OV5640_SetContrast	32	static
../ov5640/ov5640.c:1569:9:OV5640_SetHueDegree	56	static
../ov5640/ov5640.c:494:9:OV5640_SetPixelFormat	32	static
../ov5640/ov5640.c:856:9:OV5640_GetResolution	24	static
../ov5640/ov5640.c:1717:9:OV5640_ZoomConfig	24	static
../ov5640/ov5640.c:1002:9:OV5640_ReadID	32	static
../ov5640/ov5640.c:1621:9:OV5640_MirrorFlipConfig	24	static
../ov5640/ov5640.c:1781:9:OV5640_NightModeConfig	24	static
../ov5640/ov5640.c:132:9:OV5640_Init	40	static
../ov5640/ov5640.c:91:9:OV5640_RegisterBusIO	8	static
../ov5640/ov5640.c:939:9:OV5640_SetPolarities	16	static
../ov5640/ov5640.c:972:9:OV5640_GetPolarities	24	static
../ov5640/ov5640.c:1881:9:OV5640_EmbeddedSynchroConfig	24	static
../ov5640/ov5640.c:1938:9:OV5640_ColorbarModeConfig	24	static
../ov5640/ov5640.c:1981:9:OV5640_SetPCLK	24	static
../ov5640/ov5640.c:2040:5:OV5640_EnableDVPMode	24	static
../ov5640/ov5640.c:2082:9:OV5640_EnableMIPIMode	24	static
../ov5640/ov5640.c:2128:9:OV5640_SetMIPIVirtualChannel	24	static
../ov5640/ov5640.c:2155:9:OV5640_Start	16	static
../ov5640/ov5640.c:2168:9:OV5640_Stop	16	static
