../Middlewares/tensorflow/tensorflow/lite/kernels/op_macros.h:24:13:void AbortImpl()	8	static
../Middlewares/tensorflow/tensorflow/lite/micro/kernels/cmsis_nn/softmax.cc:38:7:void* tflite::{anonymous}::Init(TfLiteContext*, const char*, size_t)	8	static
../Middlewares/tensorflow/tensorflow/lite/micro/kernels/cmsis_nn/softmax.cc:134:14:TfLiteStatus tflite::{anonymous}::SoftmaxEvalInt8(TfLiteContext*, TfLiteNode*)	40	static
../Middlewares/tensorflow/tensorflow/lite/micro/kernels/cmsis_nn/softmax.cc:168:14:TfLiteStatus tflite::{anonymous}::SoftmaxEvalInt16(TfLiteContext*, TfLiteNode*)	48	static
../Middlewares/tensorflow/tensorflow/lite/micro/kernels/cmsis_nn/softmax.cc:151:14:TfLiteStatus tflite::{anonymous}::SoftmaxEvalInt8_Int16(TfLiteContext*, TfLiteNode*)	40	static
../Middlewares/tensorflow/tensorflow/lite/kernels/internal/runtime_shape.h:65:11:int32_t tflite::RuntimeShape::Dims(int) const	8	static
../Middlewares/tensorflow/tensorflow/lite/kernels/internal/types.h:263:12:int tflite::MatchingDim(const RuntimeShape&, int, const RuntimeShape&, int)	16	static
../Middlewares/tensorflow/tensorflow/lite/kernels/internal/types.h:530:12:int tflite::MatchingFlatSizeSkipDim(const RuntimeShape&, int, const RuntimeShape&)	32	static
../Middlewares/tensorflow/tensorflow/lite/micro/kernels/cmsis_nn/softmax.cc:44:14:TfLiteStatus tflite::{anonymous}::Prepare(TfLiteContext*, TfLiteNode*)	104	static
../Middlewares/tensorflow/tensorflow/lite/kernels/internal/reference/softmax.h:31:13:void tflite::reference_ops::Softmax(const tflite::SoftmaxParams&, const tflite::RuntimeShape&, const float*, const tflite::RuntimeShape&, float*)	72	static
../Middlewares/tensorflow/tensorflow/lite/micro/kernels/cmsis_nn/softmax.cc:78:14:TfLiteStatus tflite::{anonymous}::SoftmaxEval(TfLiteContext*, TfLiteNode*)	168	static
../Middlewares/tensorflow/tensorflow/lite/micro/kernels/cmsis_nn/softmax.cc:193:23:TfLiteRegistration_V1 tflite::Register_SOFTMAX()	16	static
../Middlewares/tensorflow/tensorflow/lite/micro/kernels/cmsis_nn/softmax.cc:197:23:TfLiteRegistration_V1 tflite::Register_SOFTMAX_INT8()	16	static
../Middlewares/tensorflow/tensorflow/lite/micro/kernels/cmsis_nn/softmax.cc:201:23:TfLiteRegistration_V1 tflite::Register_SOFTMAX_INT8_INT16()	16	static
../Middlewares/tensorflow/tensorflow/lite/micro/kernels/cmsis_nn/softmax.cc:205:23:TfLiteRegistration_V1 tflite::Register_SOFTMAX_INT16()	16	static
