../Middlewares/tensorflow/tensorflow/lite/kernels/op_macros.h:24:13:void AbortImpl()	8	static
../Middlewares/tensorflow/tensorflow/lite/micro/kernels/cmsis_nn/unidirectional_sequence_lstm.cc:502:7:void* tflite::{anonymous}::UnidirectionalSequenceLstmInit(TfLiteContext*, const char*, size_t)	8	static
../Middlewares/tensorflow/tensorflow/lite/micro/kernels/cmsis_nn/unidirectional_sequence_lstm.cc:42:14:constprop(TfLiteContext*, int32_t, const TfLiteTensor*, const TfLiteTensor*, int32_t**)	88	static
../Middlewares/tensorflow/tensorflow/lite/micro/kernels/cmsis_nn/unidirectional_sequence_lstm.cc:508:14:TfLiteStatus tflite::{anonymous}::UnidirectionalSequenceLstmPrepare(TfLiteContext*, TfLiteNode*)	328	static
../Middlewares/tensorflow/tensorflow/lite/micro/kernels/cmsis_nn/unidirectional_sequence_lstm.cc:379:14:TfLiteStatus tflite::{anonymous}::CMSIS_NN_EvalInteger8x8_16Lstm(const OpData&, const tflite::LSTMKernelContents&, const tflite::LSTMBuffers<CellType>&) [with CellType = short int]	440	static
../Middlewares/tensorflow/tensorflow/lite/kernels/internal/runtime_shape.h:94:7:int tflite::RuntimeShape::FlatSize() const	8	static
../Middlewares/tensorflow/tensorflow/lite/micro/kernels/cmsis_nn/unidirectional_sequence_lstm.cc:671:23:TfLiteRegistration_V1 tflite::Register_UNIDIRECTIONAL_SEQUENCE_LSTM()	16	static
../Middlewares/tensorflow/tensorflow/lite/micro/kernels/cmsis_nn/unidirectional_sequence_lstm.cc:677:23:TfLiteRegistration_V1 tflite::Register_UNIDIRECTIONAL_SEQUENCE_LSTM_INT8()	16	static
../Middlewares/tensorflow/tensorflow/lite/micro/kernels/lstm_eval.h:142:23:tflite::LSTMBuffers<CellType> tflite::CreateLSTMBuffers(TfLiteContext*, const int*) [with CellType = short int]	16	static
../Middlewares/tensorflow/tensorflow/lite/micro/kernels/cmsis_nn/unidirectional_sequence_lstm.cc:641:14:TfLiteStatus tflite::{anonymous}::UnidirectionalSequenceLstmEvalInt8(TfLiteContext*, TfLiteNode*)	136	static
../Middlewares/tensorflow/tensorflow/lite/micro/kernels/lstm_eval.h:255:6:void tflite::lstm_internal::CalculateLstmGate(const LstmStepManager&, const tflite::GateParameters&, const TfLiteEvalTensor*, const TfLiteEvalTensor*, const TfLiteEvalTensor*, const TfLiteEvalTensor*, const TfLiteEvalTensor*, const TfLiteEvalTensor*, CellType*, CellType*, TfLiteFusedActivation) [with ActivationType = float; WeightType = float; CellType = float; BiasType = float]	328	static
../Middlewares/tensorflow/tensorflow/lite/micro/kernels/lstm_eval.h:365:6:void tflite::lstm_internal::UpdateLstmHidden(const LstmStepManager&, TfLiteEvalTensor*, TfLiteEvalTensor*, const CellType*, const tflite::ArithmeticParams&, int32_t, CellType*) [with CellType = float; ActivationType = float]	184	static
../Middlewares/tensorflow/tensorflow/lite/micro/kernels/lstm_eval.h:394:6:void tflite::lstm_internal::LstmStep(const LstmStepManager&, const tflite::OpDataLSTM&, tflite::LSTMKernelContents&, const tflite::LSTMBuffers<CellType>&) [with ActivationType = float; WeightType = float; CellType = float; BiasType = float]	240	static
../Middlewares/tensorflow/tensorflow/lite/micro/kernels/lstm_eval.h:255:6:void tflite::lstm_internal::CalculateLstmGate(const LstmStepManager&, const tflite::GateParameters&, const TfLiteEvalTensor*, const TfLiteEvalTensor*, const TfLiteEvalTensor*, const TfLiteEvalTensor*, const TfLiteEvalTensor*, const TfLiteEvalTensor*, CellType*, CellType*, TfLiteFusedActivation) [with ActivationType = short int; WeightType = signed char; CellType = short int; BiasType = long long int]	328	static
../Middlewares/tensorflow/tensorflow/lite/micro/kernels/lstm_eval.h:365:6:void tflite::lstm_internal::UpdateLstmHidden(const LstmStepManager&, TfLiteEvalTensor*, TfLiteEvalTensor*, const CellType*, const tflite::ArithmeticParams&, int32_t, CellType*) [with CellType = short int; ActivationType = short int]	184	static
../Middlewares/tensorflow/tensorflow/lite/micro/kernels/lstm_eval.h:394:6:void tflite::lstm_internal::LstmStep(const LstmStepManager&, const tflite::OpDataLSTM&, tflite::LSTMKernelContents&, const tflite::LSTMBuffers<CellType>&) [with ActivationType = short int; WeightType = signed char; CellType = short int; BiasType = long long int]	240	static
../Middlewares/tensorflow/tensorflow/lite/micro/kernels/cmsis_nn/unidirectional_sequence_lstm.cc:575:14:TfLiteStatus tflite::{anonymous}::UnidirectionalSequenceLstmEval(TfLiteContext*, TfLiteNode*)	168	static
